<html>
<body>
<pre>
<h1>µVision Build Log</h1>
<h2>Tool Versions:</h2>
IDE-Version: ¦ÌVision V5.38.0.0
Copyright (C) 2022 ARM Ltd and ARM Germany GmbH. All rights reserved.
License Information: 1 ALOSW, 1, LIC=----
 
Tool Versions:
Toolchain:       MDK-Lite  Version: 5.28.0.0
Toolchain Path:  C:\Keil_v5\ARM\ARMCC\Bin
C Compiler:      Armcc.exe V5.06 update 6 (build 750)
Assembler:       Armasm.exe V5.06 update 6 (build 750)
Linker/Locator:  ArmLink.exe V5.06 update 6 (build 750)
Library Manager: ArmAr.exe V5.06 update 6 (build 750)
Hex Converter:   FromElf.exe V5.06 update 6 (build 750)
CPU DLL:         SARMCM3.DLL V5.28.0.0
Dialog DLL:      DCM.DLL V1.17.3.0
Target DLL:      Segger\JL2CM3.dll V2.99.36.0
Dialog DLL:      TCM.DLL V1.36.2.0
 
<h2>Project:</h2>
C:\Users\ALOSW\Desktop\hero\github\MPU6050\MPU6050\MDK-ARM\MPU6050.uvprojx
Project File Date:  09/19/2024

<h2>Output:</h2>
*** Using Compiler 'V5.06 update 6 (build 750)', folder: 'C:\Keil_v5\ARM\ARMCC\Bin'
Rebuild target 'MPU6050'
assembling startup_stm32f446xx.s...
compiling stm32f4xx_it.c...
compiling main.c...
compiling stm32f4xx_hal_msp.c...
compiling dma.c...
compiling stm32f4xx_hal_dma_ex.c...
compiling stm32f4xx_hal_rcc.c...
compiling stm32f4xx_hal_flash_ramfunc.c...
compiling stm32f4xx_hal_i2c_ex.c...
compiling stm32f4xx_hal_flash.c...
compiling gpio.c...
compiling usart.c...
compiling stm32f4xx_hal_i2c.c...
compiling stm32f4xx_hal_gpio.c...
compiling stm32f4xx_hal_exti.c...
compiling stm32f4xx_hal_flash_ex.c...
compiling i2c.c...
compiling stm32f4xx_hal_cortex.c...
compiling stm32f4xx_hal.c...
compiling stm32f4xx_hal_pwr_ex.c...
compiling stm32f4xx_hal_rcc_ex.c...
compiling stm32f4xx_hal_pwr.c...
compiling stm32f4xx_hal_tim_ex.c...
compiling stm32f4xx_hal_dma.c...
compiling stm32f4xx_hal_tim.c...
compiling MPU6050.c...
compiling system_stm32f4xx.c...
compiling inv_mpu_dmp_motion_driver.c...
compiling inv_mpu.c...
compiling stm32f4xx_hal_uart.c...
linking...
Program Size: Code=11718 RO-data=530 RW-data=28 ZI-data=2236  
FromELF: creating hex file...
"MPU6050\MPU6050.axf" - 0 Error(s), 0 Warning(s).

<h2>Software Packages used:</h2>

Package Vendor: ARM
                http://www.keil.com/pack/ARM.CMSIS.5.5.1.pack
                ARM.CMSIS.5.5.1
                CMSIS (Cortex Microcontroller Software Interface Standard)
   * Component: CORE Version: 5.2.0

Package Vendor: Keil
                http://www.keil.com/pack/Keil.STM32F4xx_DFP.2.9.0.pack
                Keil.STM32F4xx_DFP.2.9.0
                STMicroelectronics STM32F4 Series Device Support, Drivers and Examples

<h2>Collection of Component include folders:</h2>
  ./RTE/_MPU6050
  C:/Users/ALOSW/AppData/Local/Arm/Packs/ARM/CMSIS/5.5.1/CMSIS/Core/Include
  C:/Users/ALOSW/AppData/Local/Arm/Packs/Keil/STM32F4xx_DFP/2.9.0/Drivers/CMSIS/Device/ST/STM32F4xx/Include

<h2>Collection of Component Files used:</h2>

   * Component: ARM::CMSIS:CORE:5.2.0
Build Time Elapsed:  00:00:11
</pre>
</body>
</html>
