Component: ARM Compiler 5.06 update 6 (build 750) Tool: armlink [4d35ed]

==============================================================================

Section Cross References

    startup_stm32f446xx.o(STACK) refers (Special) to heapauxi.o(.text) for __use_two_region_memory
    startup_stm32f446xx.o(HEAP) refers (Special) to heapauxi.o(.text) for __use_two_region_memory
    startup_stm32f446xx.o(RESET) refers (Special) to heapauxi.o(.text) for __use_two_region_memory
    startup_stm32f446xx.o(RESET) refers to startup_stm32f446xx.o(STACK) for __initial_sp
    startup_stm32f446xx.o(RESET) refers to startup_stm32f446xx.o(.text) for Reset_Handler
    startup_stm32f446xx.o(RESET) refers to stm32f4xx_it.o(i.NMI_Handler) for NMI_Handler
    startup_stm32f446xx.o(RESET) refers to stm32f4xx_it.o(i.HardFault_Handler) for HardFault_Handler
    startup_stm32f446xx.o(RESET) refers to stm32f4xx_it.o(i.MemManage_Handler) for MemManage_Handler
    startup_stm32f446xx.o(RESET) refers to stm32f4xx_it.o(i.BusFault_Handler) for BusFault_Handler
    startup_stm32f446xx.o(RESET) refers to stm32f4xx_it.o(i.UsageFault_Handler) for UsageFault_Handler
    startup_stm32f446xx.o(RESET) refers to stm32f4xx_it.o(i.SVC_Handler) for SVC_Handler
    startup_stm32f446xx.o(RESET) refers to stm32f4xx_it.o(i.DebugMon_Handler) for DebugMon_Handler
    startup_stm32f446xx.o(RESET) refers to stm32f4xx_it.o(i.PendSV_Handler) for PendSV_Handler
    startup_stm32f446xx.o(RESET) refers to stm32f4xx_it.o(i.SysTick_Handler) for SysTick_Handler
    startup_stm32f446xx.o(RESET) refers to stm32f4xx_it.o(i.USART1_IRQHandler) for USART1_IRQHandler
    startup_stm32f446xx.o(RESET) refers to stm32f4xx_it.o(i.DMA2_Stream5_IRQHandler) for DMA2_Stream5_IRQHandler
    startup_stm32f446xx.o(RESET) refers to stm32f4xx_it.o(i.DMA2_Stream7_IRQHandler) for DMA2_Stream7_IRQHandler
    startup_stm32f446xx.o(.text) refers (Special) to heapauxi.o(.text) for __use_two_region_memory
    startup_stm32f446xx.o(.text) refers to system_stm32f4xx.o(i.SystemInit) for SystemInit
    startup_stm32f446xx.o(.text) refers to __main.o(!!!main) for __main
    startup_stm32f446xx.o(.text) refers to startup_stm32f446xx.o(HEAP) for Heap_Mem
    startup_stm32f446xx.o(.text) refers to startup_stm32f446xx.o(STACK) for Stack_Mem
    main.o(i.SystemClock_Config) refers to rt_memclr_w.o(.text) for __aeabi_memclr4
    main.o(i.SystemClock_Config) refers to stm32f4xx_hal_rcc_ex.o(i.HAL_RCC_OscConfig) for HAL_RCC_OscConfig
    main.o(i.SystemClock_Config) refers to stm32f4xx_hal_rcc.o(i.HAL_RCC_ClockConfig) for HAL_RCC_ClockConfig
    main.o(i.fgetc) refers to stm32f4xx_hal_uart.o(i.HAL_UART_Receive) for HAL_UART_Receive
    main.o(i.fgetc) refers to usart.o(.bss) for huart1
    main.o(i.fputc) refers to stm32f4xx_hal_uart.o(i.HAL_UART_Transmit) for HAL_UART_Transmit
    main.o(i.fputc) refers to usart.o(.bss) for huart1
    main.o(i.main) refers to stm32f4xx_hal.o(i.HAL_Init) for HAL_Init
    main.o(i.main) refers to main.o(i.SystemClock_Config) for SystemClock_Config
    main.o(i.main) refers to gpio.o(i.MX_GPIO_Init) for MX_GPIO_Init
    main.o(i.main) refers to dma.o(i.MX_DMA_Init) for MX_DMA_Init
    main.o(i.main) refers to i2c.o(i.MX_I2C1_Init) for MX_I2C1_Init
    main.o(i.main) refers to usart.o(i.MX_USART1_UART_Init) for MX_USART1_UART_Init
    main.o(i.main) refers to mpu6050.o(i.MPU6050_DMP_init) for MPU6050_DMP_init
    main.o(i.main) refers to mpu6050.o(i.MPU6050_DMP_Get_Date) for MPU6050_DMP_Get_Date
    gpio.o(i.MX_GPIO_Init) refers to rt_memclr_w.o(.text) for __aeabi_memclr4
    gpio.o(i.MX_GPIO_Init) refers to stm32f4xx_hal_gpio.o(i.HAL_GPIO_WritePin) for HAL_GPIO_WritePin
    gpio.o(i.MX_GPIO_Init) refers to stm32f4xx_hal_gpio.o(i.HAL_GPIO_Init) for HAL_GPIO_Init
    dma.o(i.MX_DMA_Init) refers to stm32f4xx_hal_cortex.o(i.HAL_NVIC_SetPriority) for HAL_NVIC_SetPriority
    dma.o(i.MX_DMA_Init) refers to stm32f4xx_hal_cortex.o(i.HAL_NVIC_EnableIRQ) for HAL_NVIC_EnableIRQ
    i2c.o(i.HAL_I2C_MspDeInit) refers to stm32f4xx_hal_gpio.o(i.HAL_GPIO_DeInit) for HAL_GPIO_DeInit
    i2c.o(i.HAL_I2C_MspInit) refers to rt_memclr_w.o(.text) for __aeabi_memclr4
    i2c.o(i.HAL_I2C_MspInit) refers to stm32f4xx_hal_gpio.o(i.HAL_GPIO_Init) for HAL_GPIO_Init
    i2c.o(i.MX_I2C1_Init) refers to stm32f4xx_hal_i2c.o(i.HAL_I2C_Init) for HAL_I2C_Init
    i2c.o(i.MX_I2C1_Init) refers to main.o(i.Error_Handler) for Error_Handler
    i2c.o(i.MX_I2C1_Init) refers to i2c.o(.bss) for .bss
    usart.o(i.HAL_UART_MspDeInit) refers to stm32f4xx_hal_gpio.o(i.HAL_GPIO_DeInit) for HAL_GPIO_DeInit
    usart.o(i.HAL_UART_MspDeInit) refers to stm32f4xx_hal_dma.o(i.HAL_DMA_DeInit) for HAL_DMA_DeInit
    usart.o(i.HAL_UART_MspDeInit) refers to stm32f4xx_hal_cortex.o(i.HAL_NVIC_DisableIRQ) for HAL_NVIC_DisableIRQ
    usart.o(i.HAL_UART_MspInit) refers to rt_memclr_w.o(.text) for __aeabi_memclr4
    usart.o(i.HAL_UART_MspInit) refers to stm32f4xx_hal_gpio.o(i.HAL_GPIO_Init) for HAL_GPIO_Init
[...]
    i.DMA_CalcBaseAndBitshift                0x08000584   Section        0  stm32f4xx_hal_dma.o(i.DMA_CalcBaseAndBitshift)
    DMA_CalcBaseAndBitshift                  0x08000585   Thumb Code    34  stm32f4xx_hal_dma.o(i.DMA_CalcBaseAndBitshift)
    i.DMA_CheckFifoParam                     0x080005ac   Section        0  stm32f4xx_hal_dma.o(i.DMA_CheckFifoParam)
    DMA_CheckFifoParam                       0x080005ad   Thumb Code    84  stm32f4xx_hal_dma.o(i.DMA_CheckFifoParam)
    i.DebugMon_Handler                       0x08000600   Section        0  stm32f4xx_it.o(i.DebugMon_Handler)
    i.Error_Handler                          0x08000602   Section        0  main.o(i.Error_Handler)
    i.HAL_DMA_Abort                          0x08000606   Section        0  stm32f4xx_hal_dma.o(i.HAL_DMA_Abort)
    i.HAL_DMA_Abort_IT                       0x08000698   Section        0  stm32f4xx_hal_dma.o(i.HAL_DMA_Abort_IT)
    i.HAL_DMA_IRQHandler                     0x080006bc   Section        0  stm32f4xx_hal_dma.o(i.HAL_DMA_IRQHandler)
    i.HAL_DMA_Init                           0x0800085c   Section        0  stm32f4xx_hal_dma.o(i.HAL_DMA_Init)
    i.HAL_Delay                              0x08000930   Section        0  stm32f4xx_hal.o(i.HAL_Delay)
    i.HAL_GPIO_Init                          0x08000954   Section        0  stm32f4xx_hal_gpio.o(i.HAL_GPIO_Init)
    i.HAL_GPIO_WritePin                      0x08000b30   Section        0  stm32f4xx_hal_gpio.o(i.HAL_GPIO_WritePin)
    i.HAL_GetTick                            0x08000b3c   Section        0  stm32f4xx_hal.o(i.HAL_GetTick)
    i.HAL_I2C_Init                           0x08000b48   Section        0  stm32f4xx_hal_i2c.o(i.HAL_I2C_Init)
    i.HAL_I2C_Mem_Read                       0x08000cd0   Section        0  stm32f4xx_hal_i2c.o(i.HAL_I2C_Mem_Read)
    i.HAL_I2C_Mem_Write                      0x08000ed4   Section        0  stm32f4xx_hal_i2c.o(i.HAL_I2C_Mem_Write)
    i.HAL_I2C_MspInit                        0x08001004   Section        0  i2c.o(i.HAL_I2C_MspInit)
    i.HAL_IncTick                            0x0800106c   Section        0  stm32f4xx_hal.o(i.HAL_IncTick)
    i.HAL_Init                               0x0800107c   Section        0  stm32f4xx_hal.o(i.HAL_Init)
    i.HAL_InitTick                           0x080010b0   Section        0  stm32f4xx_hal.o(i.HAL_InitTick)
    i.HAL_MspInit                            0x080010f0   Section        0  stm32f4xx_hal_msp.o(i.HAL_MspInit)
    i.HAL_NVIC_EnableIRQ                     0x08001120   Section        0  stm32f4xx_hal_cortex.o(i.HAL_NVIC_EnableIRQ)
    i.HAL_NVIC_SetPriority                   0x0800113c   Section        0  stm32f4xx_hal_cortex.o(i.HAL_NVIC_SetPriority)
    i.HAL_NVIC_SetPriorityGrouping           0x0800117c   Section        0  stm32f4xx_hal_cortex.o(i.HAL_NVIC_SetPriorityGrouping)
    i.HAL_RCC_ClockConfig                    0x080011a0   Section        0  stm32f4xx_hal_rcc.o(i.HAL_RCC_ClockConfig)
    i.HAL_RCC_GetPCLK1Freq                   0x080012d4   Section        0  stm32f4xx_hal_rcc.o(i.HAL_RCC_GetPCLK1Freq)
    i.HAL_RCC_GetPCLK2Freq                   0x080012f4   Section        0  stm32f4xx_hal_rcc.o(i.HAL_RCC_GetPCLK2Freq)
    i.HAL_RCC_GetSysClockFreq                0x08001314   Section        0  stm32f4xx_hal_rcc_ex.o(i.HAL_RCC_GetSysClockFreq)
    i.HAL_RCC_OscConfig                      0x080013ac   Section        0  stm32f4xx_hal_rcc_ex.o(i.HAL_RCC_OscConfig)
    i.HAL_SYSTICK_Config                     0x08001744   Section        0  stm32f4xx_hal_cortex.o(i.HAL_SYSTICK_Config)
    i.HAL_UARTEx_RxEventCallback             0x0800176c   Section        0  stm32f4xx_hal_uart.o(i.HAL_UARTEx_RxEventCallback)
    i.HAL_UART_ErrorCallback                 0x0800176e   Section        0  stm32f4xx_hal_uart.o(i.HAL_UART_ErrorCallback)
    i.HAL_UART_IRQHandler                    0x08001770   Section        0  stm32f4xx_hal_uart.o(i.HAL_UART_IRQHandler)
    i.HAL_UART_Init                          0x080019e0   Section        0  stm32f4xx_hal_uart.o(i.HAL_UART_Init)
    i.HAL_UART_MspInit                       0x08001a44   Section        0  usart.o(i.HAL_UART_MspInit)
    i.HAL_UART_RxCpltCallback                0x08001b2c   Section        0  stm32f4xx_hal_uart.o(i.HAL_UART_RxCpltCallback)
    i.HAL_UART_TxCpltCallback                0x08001b2e   Section        0  stm32f4xx_hal_uart.o(i.HAL_UART_TxCpltCallback)
    i.HardFault_Handler                      0x08001b30   Section        0  stm32f4xx_it.o(i.HardFault_Handler)
    i.I2C_IsAcknowledgeFailed                0x08001b32   Section        0  stm32f4xx_hal_i2c.o(i.I2C_IsAcknowledgeFailed)
    I2C_IsAcknowledgeFailed                  0x08001b33   Thumb Code    46  stm32f4xx_hal_i2c.o(i.I2C_IsAcknowledgeFailed)
    i.I2C_RequestMemoryRead                  0x08001b60   Section        0  stm32f4xx_hal_i2c.o(i.I2C_RequestMemoryRead)
    I2C_RequestMemoryRead                    0x08001b61   Thumb Code   246  stm32f4xx_hal_i2c.o(i.I2C_RequestMemoryRead)
    i.I2C_RequestMemoryWrite                 0x08001c5c   Section        0  stm32f4xx_hal_i2c.o(i.I2C_RequestMemoryWrite)
    I2C_RequestMemoryWrite                   0x08001c5d   Thumb Code   162  stm32f4xx_hal_i2c.o(i.I2C_RequestMemoryWrite)
    i.I2C_WaitOnBTFFlagUntilTimeout          0x08001d04   Section        0  stm32f4xx_hal_i2c.o(i.I2C_WaitOnBTFFlagUntilTimeout)
    I2C_WaitOnBTFFlagUntilTimeout            0x08001d05   Thumb Code    86  stm32f4xx_hal_i2c.o(i.I2C_WaitOnBTFFlagUntilTimeout)
    i.I2C_WaitOnFlagUntilTimeout             0x08001d5c   Section        0  stm32f4xx_hal_i2c.o(i.I2C_WaitOnFlagUntilTimeout)
    I2C_WaitOnFlagUntilTimeout               0x08001d5d   Thumb Code   144  stm32f4xx_hal_i2c.o(i.I2C_WaitOnFlagUntilTimeout)
    i.I2C_WaitOnMasterAddressFlagUntilTimeout 0x08001dec   Section        0  stm32f4xx_hal_i2c.o(i.I2C_WaitOnMasterAddressFlagUntilTimeout)
    I2C_WaitOnMasterAddressFlagUntilTimeout  0x08001ded   Thumb Code   188  stm32f4xx_hal_i2c.o(i.I2C_WaitOnMasterAddressFlagUntilTimeout)
    i.I2C_WaitOnRXNEFlagUntilTimeout         0x08001ea8   Section        0  stm32f4xx_hal_i2c.o(i.I2C_WaitOnRXNEFlagUntilTimeout)
    I2C_WaitOnRXNEFlagUntilTimeout           0x08001ea9   Thumb Code   112  stm32f4xx_hal_i2c.o(i.I2C_WaitOnRXNEFlagUntilTimeout)
    i.I2C_WaitOnTXEFlagUntilTimeout          0x08001f18   Section        0  stm32f4xx_hal_i2c.o(i.I2C_WaitOnTXEFlagUntilTimeout)
    I2C_WaitOnTXEFlagUntilTimeout            0x08001f19   Thumb Code    86  stm32f4xx_hal_i2c.o(i.I2C_WaitOnTXEFlagUntilTimeout)
    i.MPU6050_DMP_Get_Date                   0x08001f70   Section        0  mpu6050.o(i.MPU6050_DMP_Get_Date)
    i.MPU6050_DMP_init                       0x080020d4   Section        0  mpu6050.o(i.MPU6050_DMP_init)
    i.MX_DMA_Init                            0x08002184   Section        0  dma.o(i.MX_DMA_Init)
    i.MX_GPIO_Init                           0x080021c0   Section        0  gpio.o(i.MX_GPIO_Init)
    i.MX_I2C1_Init                           0x08002220   Section        0  i2c.o(i.MX_I2C1_Init)
    i.MX_USART1_UART_Init                    0x08002260   Section        0  usart.o(i.MX_USART1_UART_Init)
    i.MemManage_Handler                      0x08002298   Section        0  stm32f4xx_it.o(i.MemManage_Handler)
    i.NMI_Handler                            0x0800229a   Section        0  stm32f4xx_it.o(i.NMI_Handler)
    i.PendSV_Handler                         0x0800229c   Section        0  stm32f4xx_it.o(i.PendSV_Handler)
    i.SVC_Handler                            0x0800229e   Section        0  stm32f4xx_it.o(i.SVC_Handler)
    i.SysTick_Handler                        0x080022a0   Section        0  stm32f4xx_it.o(i.SysTick_Handler)
    i.SystemClock_Config                     0x080022a4   Section        0  main.o(i.SystemClock_Config)
    i.SystemInit                             0x08002338   Section        0  system_stm32f4xx.o(i.SystemInit)
    i.UART_DMAAbortOnError                   0x08002348   Section        0  stm32f4xx_hal_uart.o(i.UART_DMAAbortOnError)
    UART_DMAAbortOnError                     0x08002349   Thumb Code    16  stm32f4xx_hal_uart.o(i.UART_DMAAbortOnError)
    i.UART_EndRxTransfer                     0x08002358   Section        0  stm32f4xx_hal_uart.o(i.UART_EndRxTransfer)
    UART_EndRxTransfer                       0x08002359   Thumb Code    78  stm32f4xx_hal_uart.o(i.UART_EndRxTransfer)
    i.UART_Receive_IT                        0x080023a6   Section        0  stm32f4xx_hal_uart.o(i.UART_Receive_IT)
    UART_Receive_IT                          0x080023a7   Thumb Code   194  stm32f4xx_hal_uart.o(i.UART_Receive_IT)
    i.UART_SetConfig                         0x08002468   Section        0  stm32f4xx_hal_uart.o(i.UART_SetConfig)
    UART_SetConfig                           0x08002469   Thumb Code   258  stm32f4xx_hal_uart.o(i.UART_SetConfig)
    i.USART1_IRQHandler                      0x08002574   Section        0  stm32f4xx_it.o(i.USART1_IRQHandler)
    i.UsageFault_Handler                     0x08002580   Section        0  stm32f4xx_it.o(i.UsageFault_Handler)
    i.__ARM_fpclassify                       0x08002582   Section        0  fpclassify.o(i.__ARM_fpclassify)
    i.__NVIC_SetPriority                     0x080025b2   Section        0  stm32f4xx_hal_cortex.o(i.__NVIC_SetPriority)
    __NVIC_SetPriority                       0x080025b3   Thumb Code    32  stm32f4xx_hal_cortex.o(i.__NVIC_SetPriority)
    i.__hardfp_asin                          0x080025d8   Section        0  asin.o(i.__hardfp_asin)
    i.__hardfp_atan                          0x08002938   Section        0  atan.o(i.__hardfp_atan)
    i.__hardfp_atan2                         0x08002c10   Section        0  atan2.o(i.__hardfp_atan2)
    i.__kernel_poly                          0x08002e00   Section        0  poly.o(i.__kernel_poly)
    i.__mathlib_dbl_infnan                   0x08002ef8   Section        0  dunder.o(i.__mathlib_dbl_infnan)
    i.__mathlib_dbl_infnan2                  0x08002f0c   Section        0  dunder.o(i.__mathlib_dbl_infnan2)
    i.__mathlib_dbl_invalid                  0x08002f20   Section        0  dunder.o(i.__mathlib_dbl_invalid)
    i.__mathlib_dbl_underflow                0x08002f40   Section        0  dunder.o(i.__mathlib_dbl_underflow)
    i.accel_self_test                        0x08002f60   Section        0  inv_mpu.o(i.accel_self_test)
    accel_self_test                          0x08002f61   Thumb Code   126  inv_mpu.o(i.accel_self_test)
    i.atan                                   0x08002ff0   Section        0  atan.o(i.atan)
    i.dmp_enable_6x_lp_quat                  0x08003000   Section        0  inv_mpu_dmp_motion_driver.o(i.dmp_enable_6x_lp_quat)
    i.dmp_enable_feature                     0x0800303c   Section        0  inv_mpu_dmp_motion_driver.o(i.dmp_enable_feature)
    i.dmp_enable_gyro_cal                    0x08003214   Section        0  inv_mpu_dmp_motion_driver.o(i.dmp_enable_gyro_cal)
    i.dmp_enable_lp_quat                     0x08003250   Section        0  inv_mpu_dmp_motion_driver.o(i.dmp_enable_lp_quat)
    i.dmp_load_motion_driver_firmware        0x0800328c   Section        0  inv_mpu_dmp_motion_driver.o(i.dmp_load_motion_driver_firmware)
    i.dmp_read_fifo                          0x080032a0   Section        0  inv_mpu_dmp_motion_driver.o(i.dmp_read_fifo)
    i.dmp_set_accel_bias                     0x080033ec   Section        0  inv_mpu_dmp_motion_driver.o(i.dmp_set_accel_bias)
    i.dmp_set_fifo_rate                      0x080034c4   Section        0  inv_mpu_dmp_motion_driver.o(i.dmp_set_fifo_rate)
    i.dmp_set_gyro_bias                      0x08003528   Section        0  inv_mpu_dmp_motion_driver.o(i.dmp_set_gyro_bias)
    i.dmp_set_orientation                    0x080035f4   Section        0  inv_mpu_dmp_motion_driver.o(i.dmp_set_orientation)
    i.dmp_set_shake_reject_thresh            0x08003700   Section        0  inv_mpu_dmp_motion_driver.o(i.dmp_set_shake_reject_thresh)
    i.dmp_set_shake_reject_time              0x08003730   Section        0  inv_mpu_dmp_motion_driver.o(i.dmp_set_shake_reject_time)
    i.dmp_set_shake_reject_timeout           0x08003750   Section        0  inv_mpu_dmp_motion_driver.o(i.dmp_set_shake_reject_timeout)
    i.dmp_set_tap_axes                       0x08003770   Section        0  inv_mpu_dmp_motion_driver.o(i.dmp_set_tap_axes)
    i.dmp_set_tap_count                      0x080037b0   Section        0  inv_mpu_dmp_motion_driver.o(i.dmp_set_tap_count)
    i.dmp_set_tap_thresh                     0x080037d4   Section        0  inv_mpu_dmp_motion_driver.o(i.dmp_set_tap_thresh)
    i.dmp_set_tap_time                       0x08003934   Section        0  inv_mpu_dmp_motion_driver.o(i.dmp_set_tap_time)
    i.dmp_set_tap_time_multi                 0x08003954   Section        0  inv_mpu_dmp_motion_driver.o(i.dmp_set_tap_time_multi)
    i.fabs                                   0x08003974   Section        0  fabs.o(i.fabs)
    i.get_accel_prod_shift                   0x0800398c   Section        0  inv_mpu.o(i.get_accel_prod_shift)
    get_accel_prod_shift                     0x0800398d   Thumb Code   176  inv_mpu.o(i.get_accel_prod_shift)
    i.get_st_biases                          0x08003a50   Section        0  inv_mpu.o(i.get_st_biases)
    get_st_biases                            0x08003a51   Thumb Code  1004  inv_mpu.o(i.get_st_biases)
    i.gyro_self_test                         0x08003e44   Section        0  inv_mpu.o(i.gyro_self_test)
    gyro_self_test                           0x08003e45   Thumb Code   210  inv_mpu.o(i.gyro_self_test)
    i.inv_row_2_scale                        0x08003f30   Section        0  mpu6050.o(i.inv_row_2_scale)
    inv_row_2_scale                          0x08003f31   Thumb Code    72  mpu6050.o(i.inv_row_2_scale)
    i.main                                   0x08003f78   Section        0  main.o(i.main)
    i.mpu_configure_fifo                     0x08003fa8   Section        0  inv_mpu.o(i.mpu_configure_fifo)
    i.mpu_get_accel_fsr                      0x08003ffc   Section        0  inv_mpu.o(i.mpu_get_accel_fsr)
    i.mpu_get_accel_sens                     0x08004038   Section        0  inv_mpu.o(i.mpu_get_accel_sens)
    i.mpu_get_gyro_fsr                       0x0800407c   Section        0  inv_mpu.o(i.mpu_get_gyro_fsr)
    i.mpu_get_gyro_sens                      0x080040b0   Section        0  inv_mpu.o(i.mpu_get_gyro_sens)
    i.mpu_get_lpf                            0x080040fc   Section        0  inv_mpu.o(i.mpu_get_lpf)
    i.mpu_get_sample_rate                    0x08004134   Section        0  inv_mpu.o(i.mpu_get_sample_rate)
    i.mpu_init                               0x08004150   Section        0  inv_mpu.o(i.mpu_init)
    i.mpu_load_firmware                      0x0800422c   Section        0  inv_mpu.o(i.mpu_load_firmware)
    i.mpu_lp_accel_mode                      0x080042dc   Section        0  inv_mpu.o(i.mpu_lp_accel_mode)
    i.mpu_read_fifo_stream                   0x080043b0   Section        0  inv_mpu.o(i.mpu_read_fifo_stream)
    i.mpu_read_mem                           0x08004470   Section        0  inv_mpu.o(i.mpu_read_mem)
    i.mpu_reset_fifo                         0x080044e4   Section        0  inv_mpu.o(i.mpu_reset_fifo)
    i.mpu_run_self_test                      0x080046a4   Section        0  inv_mpu.o(i.mpu_run_self_test)
    i.mpu_set_accel_fsr                      0x08004794   Section        0  inv_mpu.o(i.mpu_set_accel_fsr)
    i.mpu_set_bypass                         0x0800480c   Section        0  inv_mpu.o(i.mpu_set_bypass)
    i.mpu_set_dmp_state                      0x08004944   Section        0  inv_mpu.o(i.mpu_set_dmp_state)
    i.mpu_set_gyro_fsr                       0x080049d8   Section        0  inv_mpu.o(i.mpu_set_gyro_fsr)
    i.mpu_set_int_latched                    0x08004a58   Section        0  inv_mpu.o(i.mpu_set_int_latched)
    i.mpu_set_lpf                            0x08004acc   Section        0  inv_mpu.o(i.mpu_set_lpf)
    i.mpu_set_sample_rate                    0x08004b4c   Section        0  inv_mpu.o(i.mpu_set_sample_rate)
    i.mpu_set_sensors                        0x08004be4   Section        0  inv_mpu.o(i.mpu_set_sensors)
    i.mpu_write_mem                          0x08004cc0   Section        0  inv_mpu.o(i.mpu_write_mem)
    i.run_self_test                          0x08004d34   Section        0  mpu6050.o(i.run_self_test)
    run_self_test                            0x08004d35   Thumb Code   138  mpu6050.o(i.run_self_test)
    i.set_int_enable                         0x08004dc0   Section        0  inv_mpu.o(i.set_int_enable)
    set_int_enable                           0x08004dc1   Thumb Code   114  inv_mpu.o(i.set_int_enable)
    i.sqrt                                   0x08004e3c   Section        0  sqrt.o(i.sqrt)
    x$fpl$basic                              0x08004eaa   Section       24  basic.o(x$fpl$basic)
    $v0                                      0x08004eaa   Number         0  basic.o(x$fpl$basic)
    x$fpl$d2f                                0x08004ec4   Section       98  d2f.o(x$fpl$d2f)
    $v0                                      0x08004ec4   Number         0  d2f.o(x$fpl$d2f)
    x$fpl$dadd                               0x08004f28   Section      336  daddsub_clz.o(x$fpl$dadd)
    $v0                                      0x08004f28   Number         0  daddsub_clz.o(x$fpl$dadd)
    _dadd1                                   0x08004f39   Thumb Code     0  daddsub_clz.o(x$fpl$dadd)
    x$fpl$ddiv                               0x08005078   Section      688  ddiv.o(x$fpl$ddiv)
    $v0                                      0x08005078   Number         0  ddiv.o(x$fpl$ddiv)
    ddiv_entry                               0x0800507f   Thumb Code     0  ddiv.o(x$fpl$ddiv)
    x$fpl$dmul                               0x08005328   Section      340  dmul.o(x$fpl$dmul)
    $v0                                      0x08005328   Number         0  dmul.o(x$fpl$dmul)
    x$fpl$dnaninf                            0x0800547c   Section      156  dnaninf.o(x$fpl$dnaninf)
    $v0                                      0x0800547c   Number         0  dnaninf.o(x$fpl$dnaninf)
    x$fpl$dretinf                            0x08005518   Section       12  dretinf.o(x$fpl$dretinf)
    $v0                                      0x08005518   Number         0  dretinf.o(x$fpl$dretinf)
    x$fpl$drsb                               0x08005524   Section       22  daddsub_clz.o(x$fpl$drsb)
    $v0                                      0x08005524   Number         0  daddsub_clz.o(x$fpl$drsb)
    x$fpl$dsqrt                              0x0800553c   Section      408  dsqrt_umaal.o(x$fpl$dsqrt)
    $v0                                      0x0800553c   Number         0  dsqrt_umaal.o(x$fpl$dsqrt)
    x$fpl$dsub                               0x080056d4   Section      468  daddsub_clz.o(x$fpl$dsub)
    $v0                                      0x080056d4   Number         0  daddsub_clz.o(x$fpl$dsub)
    _dsub1                                   0x080056e5   Thumb Code     0  daddsub_clz.o(x$fpl$dsub)
    x$fpl$f2d                                0x080058a8   Section       86  f2d.o(x$fpl$f2d)
    $v0                                      0x080058a8   Number         0  f2d.o(x$fpl$f2d)
    x$fpl$fnaninf                            0x080058fe   Section      140  fnaninf.o(x$fpl$fnaninf)
    $v0                                      0x080058fe   Number         0  fnaninf.o(x$fpl$fnaninf)
    x$fpl$fpinit                             0x0800598a   Section       10  fpinit.o(x$fpl$fpinit)
    $v0                                      0x0800598a   Number         0  fpinit.o(x$fpl$fpinit)
    x$fpl$fretinf                            0x08005994   Section       10  fretinf.o(x$fpl$fretinf)
    $v0                                      0x08005994   Number         0  fretinf.o(x$fpl$fretinf)
    .constdata                               0x0800599e   Section        8  stm32f4xx_hal_dma.o(.constdata)
    x$fpl$usenofp                            0x0800599e   Section        0  usenofp.o(x$fpl$usenofp)
    flagBitshiftOffset                       0x0800599e   Data           8  stm32f4xx_hal_dma.o(.constdata)
    .constdata                               0x080059a6   Section       16  system_stm32f4xx.o(.constdata)
    .constdata                               0x080059b6   Section        8  system_stm32f4xx.o(.constdata)
    .constdata                               0x080059be   Section       30  inv_mpu.o(.constdata)
    .constdata                               0x080059dc   Section       12  inv_mpu.o(.constdata)
    .constdata                               0x080059e8   Section       40  inv_mpu.o(.constdata)
    .constdata                               0x08005a10   Section     3062  inv_mpu_dmp_motion_driver.o(.constdata)
    dmp_memory                               0x08005a10   Data        3062  inv_mpu_dmp_motion_driver.o(.constdata)
    .constdata                               0x08006608   Section       80  asin.o(.constdata)
    pS                                       0x08006608   Data          48  asin.o(.constdata)
    qS                                       0x08006638   Data          32  asin.o(.constdata)
    .constdata                               0x08006658   Section      152  atan.o(.constdata)
    atanhi                                   0x08006658   Data          32  atan.o(.constdata)
    atanlo                                   0x08006678   Data          32  atan.o(.constdata)
    aTodd                                    0x08006698   Data          40  atan.o(.constdata)
    aTeven                                   0x080066c0   Data          48  atan.o(.constdata)
    .constdata                               0x080066f0   Section        8  qnan.o(.constdata)
    .data                                    0x20000000   Section       12  stm32f4xx_hal.o(.data)
    .data                                    0x2000000c   Section        4  system_stm32f4xx.o(.data)
    .data                                    0x20000010   Section        9  mpu6050.o(.data)
    gyro_orientation                         0x20000010   Data           9  mpu6050.o(.data)
    .data                                    0x2000001c   Section       44  inv_mpu.o(.data)
    st                                       0x2000001c   Data          44  inv_mpu.o(.data)
    .bss                                     0x20000048   Section       84  i2c.o(.bss)
    .bss                                     0x2000009c   Section      264  usart.o(.bss)
    .bss                                     0x200001a4   Section       16  inv_mpu_dmp_motion_driver.o(.bss)
    dmp                                      0x200001a4   Data          16  inv_mpu_dmp_motion_driver.o(.bss)
    .bss                                     0x200001b4   Section       96  libspace.o(.bss)
    HEAP                                     0x20000218   Section      512  startup_stm32f446xx.o(HEAP)
    Heap_Mem                                 0x20000218   Data         512  startup_stm32f446xx.o(HEAP)
    STACK                                    0x20000418   Section     1024  startup_stm32f446xx.o(STACK)
    Stack_Mem                                0x20000418   Data        1024  startup_stm32f446xx.o(STACK)
    __initial_sp                             0x20000818   Data           0  startup_stm32f446xx.o(STACK)

    Global Symbols

    Symbol Name                              Value     Ov Type        Size  Object(Section)

    BuildAttributes$$THM_ISAv4$E$P$D$K$B$S$7EM$VFPi3$EXTD16$VFPS$VFMA$PE$A:L22UL41UL21$X:L11$S22US41US21$IEEE1$IW$USESV6$~STKCKD$USESV7$~SHL$OTIME$ROPI$IEEEX$EBA8$UX$STANDARDLIB$REQ8$PRES8$EABIv2 0x00000000   Number         0  anon$$obj.o ABSOLUTE
    __ARM_use_no_argv                        0x00000000   Number         0  main.o ABSOLUTE
    __ARM_exceptions_init                     - Undefined Weak Reference
    __alloca_initialize                       - Undefined Weak Reference
    __arm_preinit_                            - Undefined Weak Reference
    __cpp_initialize__aeabi_                  - Undefined Weak Reference
    __cxa_finalize                            - Undefined Weak Reference
    __rt_locale                               - Undefined Weak Reference
    __sigvec_lookup                           - Undefined Weak Reference
    _atexit_init                              - Undefined Weak Reference
    _call_atexit_fns                          - Undefined Weak Reference
    _clock_init                               - Undefined Weak Reference
    _fp_trap_init                             - Undefined Weak Reference
    _fp_trap_shutdown                         - Undefined Weak Reference
    _get_lc_collate                           - Undefined Weak Reference
    _get_lc_ctype                             - Undefined Weak Reference
    _get_lc_monetary                          - Undefined Weak Reference
    _get_lc_numeric                           - Undefined Weak Reference
    _get_lc_time                              - Undefined Weak Reference
    _getenv_init                              - Undefined Weak Reference
    _handle_redirection                       - Undefined Weak Reference
    _init_alloc                               - Undefined Weak Reference
    _init_user_alloc                          - Undefined Weak Reference
    _initio                                   - Undefined Weak Reference
    _rand_init                                - Undefined Weak Reference
    _signal_finish                            - Undefined Weak Reference
    _signal_init                              - Undefined Weak Reference
    _terminate_alloc                          - Undefined Weak Reference
    _terminate_user_alloc                     - Undefined Weak Reference
    _terminateio                              - Undefined Weak Reference
    __Vectors_Size                           0x000001c4   Number         0  startup_stm32f446xx.o ABSOLUTE
    __Vectors                                0x08000000   Data           4  startup_stm32f446xx.o(RESET)
    __Vectors_End                            0x080001c4   Data           0  startup_stm32f446xx.o(RESET)
    __main                                   0x080001c5   Thumb Code     8  __main.o(!!!main)
    __scatterload                            0x080001cd   Thumb Code     0  __scatter.o(!!!scatter)
    __scatterload_rt2                        0x080001cd   Thumb Code    44  __scatter.o(!!!scatter)
    __scatterload_rt2_thumb_only             0x080001cd   Thumb Code     0  __scatter.o(!!!scatter)
    __scatterload_null                       0x080001db   Thumb Code     0  __scatter.o(!!!scatter)
    __scatterload_copy                       0x08000201   Thumb Code    26  __scatter_copy.o(!!handler_copy)
    __scatterload_zeroinit                   0x0800021d   Thumb Code    28  __scatter_zi.o(!!handler_zi)
    __rt_lib_init                            0x08000239   Thumb Code     0  libinit.o(.ARM.Collect$$libinit$$00000000)
    __rt_lib_init_fp_1                       0x0800023b   Thumb Code     0  libinit2.o(.ARM.Collect$$libinit$$00000001)
    __rt_lib_init_alloca_1                   0x0800023f   Thumb Code     0  libinit2.o(.ARM.Collect$$libinit$$0000002E)
    __rt_lib_init_argv_1                     0x0800023f   Thumb Code     0  libinit2.o(.ARM.Collect$$libinit$$0000002C)
    __rt_lib_init_atexit_1                   0x0800023f   Thumb Code     0  libinit2.o(.ARM.Collect$$libinit$$0000001B)
    __rt_lib_init_clock_1                    0x0800023f   Thumb Code     0  libinit2.o(.ARM.Collect$$libinit$$00000021)
    __rt_lib_init_cpp_1                      0x0800023f   Thumb Code     0  libinit2.o(.ARM.Collect$$libinit$$00000032)
    __rt_lib_init_exceptions_1               0x0800023f   Thumb Code     0  libinit2.o(.ARM.Collect$$libinit$$00000030)
    __rt_lib_init_fp_trap_1                  0x0800023f   Thumb Code     0  libinit2.o(.ARM.Collect$$libinit$$0000001F)
    __rt_lib_init_getenv_1                   0x0800023f   Thumb Code     0  libinit2.o(.ARM.Collect$$libinit$$00000023)
    __rt_lib_init_heap_1                     0x0800023f   Thumb Code     0  libinit2.o(.ARM.Collect$$libinit$$0000000A)
    __rt_lib_init_lc_collate_1               0x0800023f   Thumb Code     0  libinit2.o(.ARM.Collect$$libinit$$00000011)
    __rt_lib_init_lc_ctype_1                 0x0800023f   Thumb Code     0  libinit2.o(.ARM.Collect$$libinit$$00000013)
    __rt_lib_init_lc_monetary_1              0x0800023f   Thumb Code     0  libinit2.o(.ARM.Collect$$libinit$$00000015)
    __rt_lib_init_lc_numeric_1               0x0800023f   Thumb Code     0  libinit2.o(.ARM.Collect$$libinit$$00000017)
    __rt_lib_init_lc_time_1                  0x0800023f   Thumb Code     0  libinit2.o(.ARM.Collect$$libinit$$00000019)
    __rt_lib_init_preinit_1                  0x0800023f   Thumb Code     0  libinit2.o(.ARM.Collect$$libinit$$00000004)
    __rt_lib_init_rand_1                     0x0800023f   Thumb Code     0  libinit2.o(.ARM.Collect$$libinit$$0000000E)
    __rt_lib_init_return                     0x0800023f   Thumb Code     0  libinit2.o(.ARM.Collect$$libinit$$00000033)
    __rt_lib_init_signal_1                   0x0800023f   Thumb Code     0  libinit2.o(.ARM.Collect$$libinit$$0000001D)
    __rt_lib_init_stdio_1                    0x0800023f   Thumb Code     0  libinit2.o(.ARM.Collect$$libinit$$00000025)
    __rt_lib_init_user_alloc_1               0x0800023f   Thumb Code     0  libinit2.o(.ARM.Collect$$libinit$$0000000C)
    __rt_lib_shutdown                        0x08000241   Thumb Code     0  libshutdown.o(.ARM.Collect$$libshutdown$$00000000)
    __rt_lib_shutdown_cpp_1                  0x08000243   Thumb Code     0  libshutdown2.o(.ARM.Collect$$libshutdown$$00000002)
    __rt_lib_shutdown_fp_trap_1              0x08000243   Thumb Code     0  libshutdown2.o(.ARM.Collect$$libshutdown$$00000007)
    __rt_lib_shutdown_heap_1                 0x08000243   Thumb Code     0  libshutdown2.o(.ARM.Collect$$libshutdown$$0000000F)
    __rt_lib_shutdown_return                 0x08000243   Thumb Code     0  libshutdown2.o(.ARM.Collect$$libshutdown$$00000010)
    __rt_lib_shutdown_signal_1               0x08000243   Thumb Code     0  libshutdown2.o(.ARM.Collect$$libshutdown$$0000000A)
    __rt_lib_shutdown_stdio_1                0x08000243   Thumb Code     0  libshutdown2.o(.ARM.Collect$$libshutdown$$00000004)
    __rt_lib_shutdown_user_alloc_1           0x08000243   Thumb Code     0  libshutdown2.o(.ARM.Collect$$libshutdown$$0000000C)
    __rt_entry                               0x08000245   Thumb Code     0  __rtentry.o(.ARM.Collect$$rtentry$$00000000)
    __rt_entry_presh_1                       0x08000245   Thumb Code     0  __rtentry2.o(.ARM.Collect$$rtentry$$00000002)
    __rt_entry_sh                            0x08000245   Thumb Code     0  __rtentry4.o(.ARM.Collect$$rtentry$$00000004)
    __rt_entry_li                            0x0800024b   Thumb Code     0  __rtentry2.o(.ARM.Collect$$rtentry$$0000000A)
    __rt_entry_postsh_1                      0x0800024b   Thumb Code     0  __rtentry2.o(.ARM.Collect$$rtentry$$00000009)
    __rt_entry_main                          0x0800024f   Thumb Code     0  __rtentry2.o(.ARM.Collect$$rtentry$$0000000D)
    __rt_entry_postli_1                      0x0800024f   Thumb Code     0  __rtentry2.o(.ARM.Collect$$rtentry$$0000000C)
    __rt_exit                                0x08000257   Thumb Code     0  rtexit.o(.ARM.Collect$$rtexit$$00000000)
    __rt_exit_ls                             0x08000259   Thumb Code     0  rtexit2.o(.ARM.Collect$$rtexit$$00000003)
    __rt_exit_prels_1                        0x08000259   Thumb Code     0  rtexit2.o(.ARM.Collect$$rtexit$$00000002)
    __rt_exit_exit                           0x0800025d   Thumb Code     0  rtexit2.o(.ARM.Collect$$rtexit$$00000004)
    Reset_Handler                            0x08000265   Thumb Code     8  startup_stm32f446xx.o(.text)
    ADC_IRQHandler                           0x0800027f   Thumb Code     0  startup_stm32f446xx.o(.text)
    CAN1_RX0_IRQHandler                      0x0800027f   Thumb Code     0  startup_stm32f446xx.o(.text)
    CAN1_RX1_IRQHandler                      0x0800027f   Thumb Code     0  startup_stm32f446xx.o(.text)
    CAN1_SCE_IRQHandler                      0x0800027f   Thumb Code     0  startup_stm32f446xx.o(.text)
    CAN1_TX_IRQHandler                       0x0800027f   Thumb Code     0  startup_stm32f446xx.o(.text)
    CAN2_RX0_IRQHandler                      0x0800027f   Thumb Code     0  startup_stm32f446xx.o(.text)
    CAN2_RX1_IRQHandler                      0x0800027f   Thumb Code     0  startup_stm32f446xx.o(.text)
    CAN2_SCE_IRQHandler                      0x0800027f   Thumb Code     0  startup_stm32f446xx.o(.text)
    CAN2_TX_IRQHandler                       0x0800027f   Thumb Code     0  startup_stm32f446xx.o(.text)
    CEC_IRQHandler                           0x0800027f   Thumb Code     0  startup_stm32f446xx.o(.text)
    DCMI_IRQHandler                          0x0800027f   Thumb Code     0  startup_stm32f446xx.o(.text)
    DMA1_Stream0_IRQHandler                  0x0800027f   Thumb Code     0  startup_stm32f446xx.o(.text)
    DMA1_Stream1_IRQHandler                  0x0800027f   Thumb Code     0  startup_stm32f446xx.o(.text)
    DMA1_Stream2_IRQHandler                  0x0800027f   Thumb Code     0  startup_stm32f446xx.o(.text)
    DMA1_Stream3_IRQHandler                  0x0800027f   Thumb Code     0  startup_stm32f446xx.o(.text)
    DMA1_Stream4_IRQHandler                  0x0800027f   Thumb Code     0  startup_stm32f446xx.o(.text)
    DMA1_Stream5_IRQHandler                  0x0800027f   Thumb Code     0  startup_stm32f446xx.o(.text)
    DMA1_Stream6_IRQHandler                  0x0800027f   Thumb Code     0  startup_stm32f446xx.o(.text)
    DMA1_Stream7_IRQHandler                  0x0800027f   Thumb Code     0  startup_stm32f446xx.o(.text)
    DMA2_Stream0_IRQHandler                  0x0800027f   Thumb Code     0  startup_stm32f446xx.o(.text)
    DMA2_Stream1_IRQHandler                  0x0800027f   Thumb Code     0  startup_stm32f446xx.o(.text)
    DMA2_Stream2_IRQHandler                  0x0800027f   Thumb Code     0  startup_stm32f446xx.o(.text)
    DMA2_Stream3_IRQHandler                  0x0800027f   Thumb Code     0  startup_stm32f446xx.o(.text)
    DMA2_Stream4_IRQHandler                  0x0800027f   Thumb Code     0  startup_stm32f446xx.o(.text)
    DMA2_Stream6_IRQHandler                  0x0800027f   Thumb Code     0  startup_stm32f446xx.o(.text)
    EXTI0_IRQHandler                         0x0800027f   Thumb Code     0  startup_stm32f446xx.o(.text)
    EXTI15_10_IRQHandler                     0x0800027f   Thumb Code     0  startup_stm32f446xx.o(.text)
    EXTI1_IRQHandler                         0x0800027f   Thumb Code     0  startup_stm32f446xx.o(.text)
    EXTI2_IRQHandler                         0x0800027f   Thumb Code     0  startup_stm32f446xx.o(.text)
    EXTI3_IRQHandler                         0x0800027f   Thumb Code     0  startup_stm32f446xx.o(.text)
    EXTI4_IRQHandler                         0x0800027f   Thumb Code     0  startup_stm32f446xx.o(.text)
    EXTI9_5_IRQHandler                       0x0800027f   Thumb Code     0  startup_stm32f446xx.o(.text)
    FLASH_IRQHandler                         0x0800027f   Thumb Code     0  startup_stm32f446xx.o(.text)
    FMC_IRQHandler                           0x0800027f   Thumb Code     0  startup_stm32f446xx.o(.text)
    FMPI2C1_ER_IRQHandler                    0x0800027f   Thumb Code     0  startup_stm32f446xx.o(.text)
    FMPI2C1_EV_IRQHandler                    0x0800027f   Thumb Code     0  startup_stm32f446xx.o(.text)
    FPU_IRQHandler                           0x0800027f   Thumb Code     0  startup_stm32f446xx.o(.text)
    I2C1_ER_IRQHandler                       0x0800027f   Thumb Code     0  startup_stm32f446xx.o(.text)
    I2C1_EV_IRQHandler                       0x0800027f   Thumb Code     0  startup_stm32f446xx.o(.text)
    I2C2_ER_IRQHandler                       0x0800027f   Thumb Code     0  startup_stm32f446xx.o(.text)
    I2C2_EV_IRQHandler                       0x0800027f   Thumb Code     0  startup_stm32f446xx.o(.text)
    I2C3_ER_IRQHandler                       0x0800027f   Thumb Code     0  startup_stm32f446xx.o(.text)
    I2C3_EV_IRQHandler                       0x0800027f   Thumb Code     0  startup_stm32f446xx.o(.text)
    OTG_FS_IRQHandler                        0x0800027f   Thumb Code     0  startup_stm32f446xx.o(.text)
    OTG_FS_WKUP_IRQHandler                   0x0800027f   Thumb Code     0  startup_stm32f446xx.o(.text)
    OTG_HS_EP1_IN_IRQHandler                 0x0800027f   Thumb Code     0  startup_stm32f446xx.o(.text)
    OTG_HS_EP1_OUT_IRQHandler                0x0800027f   Thumb Code     0  startup_stm32f446xx.o(.text)
    OTG_HS_IRQHandler                        0x0800027f   Thumb Code     0  startup_stm32f446xx.o(.text)
    OTG_HS_WKUP_IRQHandler                   0x0800027f   Thumb Code     0  startup_stm32f446xx.o(.text)
    PVD_IRQHandler                           0x0800027f   Thumb Code     0  startup_stm32f446xx.o(.text)
    QUADSPI_IRQHandler                       0x0800027f   Thumb Code     0  startup_stm32f446xx.o(.text)
    RCC_IRQHandler                           0x0800027f   Thumb Code     0  startup_stm32f446xx.o(.text)
    RTC_Alarm_IRQHandler                     0x0800027f   Thumb Code     0  startup_stm32f446xx.o(.text)
    RTC_WKUP_IRQHandler                      0x0800027f   Thumb Code     0  startup_stm32f446xx.o(.text)
    SAI1_IRQHandler                          0x0800027f   Thumb Code     0  startup_stm32f446xx.o(.text)
    SAI2_IRQHandler                          0x0800027f   Thumb Code     0  startup_stm32f446xx.o(.text)
    SDIO_IRQHandler                          0x0800027f   Thumb Code     0  startup_stm32f446xx.o(.text)
    SPDIF_RX_IRQHandler                      0x0800027f   Thumb Code     0  startup_stm32f446xx.o(.text)
    SPI1_IRQHandler                          0x0800027f   Thumb Code     0  startup_stm32f446xx.o(.text)
    SPI2_IRQHandler                          0x0800027f   Thumb Code     0  startup_stm32f446xx.o(.text)
    SPI3_IRQHandler                          0x0800027f   Thumb Code     0  startup_stm32f446xx.o(.text)
    SPI4_IRQHandler                          0x0800027f   Thumb Code     0  startup_stm32f446xx.o(.text)
    TAMP_STAMP_IRQHandler                    0x0800027f   Thumb Code     0  startup_stm32f446xx.o(.text)
    TIM1_BRK_TIM9_IRQHandler                 0x0800027f   Thumb Code     0  startup_stm32f446xx.o(.text)
    TIM1_CC_IRQHandler                       0x0800027f   Thumb Code     0  startup_stm32f446xx.o(.text)
    TIM1_TRG_COM_TIM11_IRQHandler            0x0800027f   Thumb Code     0  startup_stm32f446xx.o(.text)
    TIM1_UP_TIM10_IRQHandler                 0x0800027f   Thumb Code     0  startup_stm32f446xx.o(.text)
    TIM2_IRQHandler                          0x0800027f   Thumb Code     0  startup_stm32f446xx.o(.text)
    TIM3_IRQHandler                          0x0800027f   Thumb Code     0  startup_stm32f446xx.o(.text)
    TIM4_IRQHandler                          0x0800027f   Thumb Code     0  startup_stm32f446xx.o(.text)
    TIM5_IRQHandler                          0x0800027f   Thumb Code     0  startup_stm32f446xx.o(.text)
    TIM6_DAC_IRQHandler                      0x0800027f   Thumb Code     0  startup_stm32f446xx.o(.text)
    TIM7_IRQHandler                          0x0800027f   Thumb Code     0  startup_stm32f446xx.o(.text)
    TIM8_BRK_TIM12_IRQHandler                0x0800027f   Thumb Code     0  startup_stm32f446xx.o(.text)
    TIM8_CC_IRQHandler                       0x0800027f   Thumb Code     0  startup_stm32f446xx.o(.text)
    TIM8_TRG_COM_TIM14_IRQHandler            0x0800027f   Thumb Code     0  startup_stm32f446xx.o(.text)
    TIM8_UP_TIM13_IRQHandler                 0x0800027f   Thumb Code     0  startup_stm32f446xx.o(.text)
    UART4_IRQHandler                         0x0800027f   Thumb Code     0  startup_stm32f446xx.o(.text)
    UART5_IRQHandler                         0x0800027f   Thumb Code     0  startup_stm32f446xx.o(.text)
    USART2_IRQHandler                        0x0800027f   Thumb Code     0  startup_stm32f446xx.o(.text)
    USART3_IRQHandler                        0x0800027f   Thumb Code     0  startup_stm32f446xx.o(.text)
    USART6_IRQHandler                        0x0800027f   Thumb Code     0  startup_stm32f446xx.o(.text)
    WWDG_IRQHandler                          0x0800027f   Thumb Code     0  startup_stm32f446xx.o(.text)
    __user_initial_stackheap                 0x08000281   Thumb Code     0  startup_stm32f446xx.o(.text)
    __aeabi_uldivmod                         0x080002a5   Thumb Code     0  lludivv7m.o(.text)
    _ll_udiv                                 0x080002a5   Thumb Code   238  lludivv7m.o(.text)
    __aeabi_ldivmod                          0x08000393   Thumb Code     0  llsdiv.o(.text)
    _ll_sdiv                                 0x08000393   Thumb Code    72  llsdiv.o(.text)
    memcmp                                   0x080003db   Thumb Code    88  memcmp.o(.text)
    __aeabi_memset                           0x08000433   Thumb Code    16  aeabi_memset.o(.text)
    __aeabi_memclr4                          0x08000443   Thumb Code     0  rt_memclr_w.o(.text)
    __aeabi_memclr8                          0x08000443   Thumb Code     0  rt_memclr_w.o(.text)
    __rt_memclr_w                            0x08000443   Thumb Code    78  rt_memclr_w.o(.text)
    _memset_w                                0x08000447   Thumb Code     0  rt_memclr_w.o(.text)
    __use_two_region_memory                  0x08000491   Thumb Code     2  heapauxi.o(.text)
    __rt_heap_escrow$2region                 0x08000493   Thumb Code     2  heapauxi.o(.text)
    __rt_heap_expand$2region                 0x08000495   Thumb Code     2  heapauxi.o(.text)
    __read_errno                             0x08000497   Thumb Code    10  _rserrno.o(.text)
    __set_errno                              0x080004a1   Thumb Code    12  _rserrno.o(.text)
    __aeabi_memclr                           0x080004ad   Thumb Code     0  rt_memclr.o(.text)
    __rt_memclr                              0x080004ad   Thumb Code    68  rt_memclr.o(.text)
    _memset                                  0x080004b1   Thumb Code     0  rt_memclr.o(.text)
    __aeabi_errno_addr                       0x080004f1   Thumb Code     8  rt_errno_addr_intlibspace.o(.text)
    __errno$intlibspace                      0x080004f1   Thumb Code     0  rt_errno_addr_intlibspace.o(.text)
    __rt_errno_addr$intlibspace              0x080004f1   Thumb Code     0  rt_errno_addr_intlibspace.o(.text)
    __user_libspace                          0x080004f9   Thumb Code     8  libspace.o(.text)
    __user_perproc_libspace                  0x080004f9   Thumb Code     0  libspace.o(.text)
    __user_perthread_libspace                0x080004f9   Thumb Code     0  libspace.o(.text)
    __user_setup_stackheap                   0x08000501   Thumb Code    74  sys_stackheap_outer.o(.text)
    exit                                     0x0800054b   Thumb Code    18  exit.o(.text)
    _sys_exit                                0x0800055d   Thumb Code     8  sys_exit.o(.text)
    __I$use$semihosting                      0x08000569   Thumb Code     0  use_no_semi.o(.text)
    __use_no_semihosting_swi                 0x08000569   Thumb Code     2  use_no_semi.o(.text)
    BusFault_Handler                         0x0800056b   Thumb Code     2  stm32f4xx_it.o(i.BusFault_Handler)
    __semihosting_library_function           0x0800056b   Thumb Code     0  indicate_semi.o(.text)
    DMA2_Stream5_IRQHandler                  0x0800056d   Thumb Code     6  stm32f4xx_it.o(i.DMA2_Stream5_IRQHandler)
    DMA2_Stream7_IRQHandler                  0x08000579   Thumb Code     6  stm32f4xx_it.o(i.DMA2_Stream7_IRQHandler)
    DebugMon_Handler                         0x08000601   Thumb Code     2  stm32f4xx_it.o(i.DebugMon_Handler)
    Error_Handler                            0x08000603   Thumb Code     4  main.o(i.Error_Handler)
    HAL_DMA_Abort                            0x08000607   Thumb Code   146  stm32f4xx_hal_dma.o(i.HAL_DMA_Abort)
    HAL_DMA_Abort_IT                         0x08000699   Thumb Code    36  stm32f4xx_hal_dma.o(i.HAL_DMA_Abort_IT)
    HAL_DMA_IRQHandler                       0x080006bd   Thumb Code   412  stm32f4xx_hal_dma.o(i.HAL_DMA_IRQHandler)
    HAL_DMA_Init                             0x0800085d   Thumb Code   206  stm32f4xx_hal_dma.o(i.HAL_DMA_Init)
    HAL_Delay                                0x08000931   Thumb Code    32  stm32f4xx_hal.o(i.HAL_Delay)
    HAL_GPIO_Init                            0x08000955   Thumb Code   436  stm32f4xx_hal_gpio.o(i.HAL_GPIO_Init)
    HAL_GPIO_WritePin                        0x08000b31   Thumb Code    10  stm32f4xx_hal_gpio.o(i.HAL_GPIO_WritePin)
    HAL_GetTick                              0x08000b3d   Thumb Code     6  stm32f4xx_hal.o(i.HAL_GetTick)
    HAL_I2C_Init                             0x08000b49   Thumb Code   376  stm32f4xx_hal_i2c.o(i.HAL_I2C_Init)
    HAL_I2C_Mem_Read                         0x08000cd1   Thumb Code   502  stm32f4xx_hal_i2c.o(i.HAL_I2C_Mem_Read)
    HAL_I2C_Mem_Write                        0x08000ed5   Thumb Code   294  stm32f4xx_hal_i2c.o(i.HAL_I2C_Mem_Write)
    HAL_I2C_MspInit                          0x08001005   Thumb Code    92  i2c.o(i.HAL_I2C_MspInit)
    HAL_IncTick                              0x0800106d   Thumb Code    12  stm32f4xx_hal.o(i.HAL_IncTick)
    HAL_Init                                 0x0800107d   Thumb Code    48  stm32f4xx_hal.o(i.HAL_Init)
    HAL_InitTick                             0x080010b1   Thumb Code    54  stm32f4xx_hal.o(i.HAL_InitTick)
    HAL_MspInit                              0x080010f1   Thumb Code    42  stm32f4xx_hal_msp.o(i.HAL_MspInit)
    HAL_NVIC_EnableIRQ                       0x08001121   Thumb Code    26  stm32f4xx_hal_cortex.o(i.HAL_NVIC_EnableIRQ)
    HAL_NVIC_SetPriority                     0x0800113d   Thumb Code    60  stm32f4xx_hal_cortex.o(i.HAL_NVIC_SetPriority)
    HAL_NVIC_SetPriorityGrouping             0x0800117d   Thumb Code    26  stm32f4xx_hal_cortex.o(i.HAL_NVIC_SetPriorityGrouping)
    HAL_RCC_ClockConfig                      0x080011a1   Thumb Code   288  stm32f4xx_hal_rcc.o(i.HAL_RCC_ClockConfig)
    HAL_RCC_GetPCLK1Freq                     0x080012d5   Thumb Code    20  stm32f4xx_hal_rcc.o(i.HAL_RCC_GetPCLK1Freq)
    HAL_RCC_GetPCLK2Freq                     0x080012f5   Thumb Code    20  stm32f4xx_hal_rcc.o(i.HAL_RCC_GetPCLK2Freq)
    HAL_RCC_GetSysClockFreq                  0x08001315   Thumb Code   140  stm32f4xx_hal_rcc_ex.o(i.HAL_RCC_GetSysClockFreq)
    HAL_RCC_OscConfig                        0x080013ad   Thumb Code   900  stm32f4xx_hal_rcc_ex.o(i.HAL_RCC_OscConfig)
    HAL_SYSTICK_Config                       0x08001745   Thumb Code    40  stm32f4xx_hal_cortex.o(i.HAL_SYSTICK_Config)
    HAL_UARTEx_RxEventCallback               0x0800176d   Thumb Code     2  stm32f4xx_hal_uart.o(i.HAL_UARTEx_RxEventCallback)
    HAL_UART_ErrorCallback                   0x0800176f   Thumb Code     2  stm32f4xx_hal_uart.o(i.HAL_UART_ErrorCallback)
    HAL_UART_IRQHandler                      0x08001771   Thumb Code   618  stm32f4xx_hal_uart.o(i.HAL_UART_IRQHandler)
    HAL_UART_Init                            0x080019e1   Thumb Code   100  stm32f4xx_hal_uart.o(i.HAL_UART_Init)
    HAL_UART_MspInit                         0x08001a45   Thumb Code   210  usart.o(i.HAL_UART_MspInit)
    HAL_UART_RxCpltCallback                  0x08001b2d   Thumb Code     2  stm32f4xx_hal_uart.o(i.HAL_UART_RxCpltCallback)
    HAL_UART_TxCpltCallback                  0x08001b2f   Thumb Code     2  stm32f4xx_hal_uart.o(i.HAL_UART_TxCpltCallback)
    HardFault_Handler                        0x08001b31   Thumb Code     2  stm32f4xx_it.o(i.HardFault_Handler)
    MPU6050_DMP_Get_Date                     0x08001f71   Thumb Code   342  mpu6050.o(i.MPU6050_DMP_Get_Date)
    MPU6050_DMP_init                         0x080020d5   Thumb Code   172  mpu6050.o(i.MPU6050_DMP_init)
    MX_DMA_Init                              0x08002185   Thumb Code    56  dma.o(i.MX_DMA_Init)
    MX_GPIO_Init                             0x080021c1   Thumb Code    86  gpio.o(i.MX_GPIO_Init)
    MX_I2C1_Init                             0x08002221   Thumb Code    50  i2c.o(i.MX_I2C1_Init)
    MX_USART1_UART_Init                      0x08002261   Thumb Code    48  usart.o(i.MX_USART1_UART_Init)
    MemManage_Handler                        0x08002299   Thumb Code     2  stm32f4xx_it.o(i.MemManage_Handler)
    NMI_Handler                              0x0800229b   Thumb Code     2  stm32f4xx_it.o(i.NMI_Handler)
    PendSV_Handler                           0x0800229d   Thumb Code     2  stm32f4xx_it.o(i.PendSV_Handler)
    SVC_Handler                              0x0800229f   Thumb Code     2  stm32f4xx_it.o(i.SVC_Handler)
    SysTick_Handler                          0x080022a1   Thumb Code     4  stm32f4xx_it.o(i.SysTick_Handler)
    SystemClock_Config                       0x080022a5   Thumb Code   140  main.o(i.SystemClock_Config)
    SystemInit                               0x08002339   Thumb Code    12  system_stm32f4xx.o(i.SystemInit)
    USART1_IRQHandler                        0x08002575   Thumb Code     6  stm32f4xx_it.o(i.USART1_IRQHandler)
    UsageFault_Handler                       0x08002581   Thumb Code     2  stm32f4xx_it.o(i.UsageFault_Handler)
    __ARM_fpclassify                         0x08002583   Thumb Code    48  fpclassify.o(i.__ARM_fpclassify)
    __hardfp_asin                            0x080025d9   Thumb Code   770  asin.o(i.__hardfp_asin)
    __hardfp_atan                            0x08002939   Thumb Code   622  atan.o(i.__hardfp_atan)
    __hardfp_atan2                           0x08002c11   Thumb Code   432  atan2.o(i.__hardfp_atan2)
    __kernel_poly                            0x08002e01   Thumb Code   248  poly.o(i.__kernel_poly)
    __mathlib_dbl_infnan                     0x08002ef9   Thumb Code    20  dunder.o(i.__mathlib_dbl_infnan)
    __mathlib_dbl_infnan2                    0x08002f0d   Thumb Code    20  dunder.o(i.__mathlib_dbl_infnan2)
    __mathlib_dbl_invalid                    0x08002f21   Thumb Code    24  dunder.o(i.__mathlib_dbl_invalid)
    __mathlib_dbl_underflow                  0x08002f41   Thumb Code    24  dunder.o(i.__mathlib_dbl_underflow)
    atan                                     0x08002ff1   Thumb Code    16  atan.o(i.atan)
    dmp_enable_6x_lp_quat                    0x08003001   Thumb Code    58  inv_mpu_dmp_motion_driver.o(i.dmp_enable_6x_lp_quat)
    dmp_enable_feature                       0x0800303d   Thumb Code   464  inv_mpu_dmp_motion_driver.o(i.dmp_enable_feature)
    dmp_enable_gyro_cal                      0x08003215   Thumb Code    34  inv_mpu_dmp_motion_driver.o(i.dmp_enable_gyro_cal)
    dmp_enable_lp_quat                       0x08003251   Thumb Code    58  inv_mpu_dmp_motion_driver.o(i.dmp_enable_lp_quat)
    dmp_load_motion_driver_firmware          0x0800328d   Thumb Code    16  inv_mpu_dmp_motion_driver.o(i.dmp_load_motion_driver_firmware)
    dmp_read_fifo                            0x080032a1   Thumb Code   326  inv_mpu_dmp_motion_driver.o(i.dmp_read_fifo)
    dmp_set_accel_bias                       0x080033ed   Thumb Code   212  inv_mpu_dmp_motion_driver.o(i.dmp_set_accel_bias)
    dmp_set_fifo_rate                        0x080034c5   Thumb Code    82  inv_mpu_dmp_motion_driver.o(i.dmp_set_fifo_rate)
    dmp_set_gyro_bias                        0x08003529   Thumb Code   196  inv_mpu_dmp_motion_driver.o(i.dmp_set_gyro_bias)
    dmp_set_orientation                      0x080035f5   Thumb Code   246  inv_mpu_dmp_motion_driver.o(i.dmp_set_orientation)
    dmp_set_shake_reject_thresh              0x08003701   Thumb Code    48  inv_mpu_dmp_motion_driver.o(i.dmp_set_shake_reject_thresh)
    dmp_set_shake_reject_time                0x08003731   Thumb Code    32  inv_mpu_dmp_motion_driver.o(i.dmp_set_shake_reject_time)
    dmp_set_shake_reject_timeout             0x08003751   Thumb Code    32  inv_mpu_dmp_motion_driver.o(i.dmp_set_shake_reject_timeout)
    dmp_set_tap_axes                         0x08003771   Thumb Code    64  inv_mpu_dmp_motion_driver.o(i.dmp_set_tap_axes)
    dmp_set_tap_count                        0x080037b1   Thumb Code    34  inv_mpu_dmp_motion_driver.o(i.dmp_set_tap_count)
    dmp_set_tap_thresh                       0x080037d5   Thumb Code   314  inv_mpu_dmp_motion_driver.o(i.dmp_set_tap_thresh)
    dmp_set_tap_time                         0x08003935   Thumb Code    32  inv_mpu_dmp_motion_driver.o(i.dmp_set_tap_time)
    dmp_set_tap_time_multi                   0x08003955   Thumb Code    32  inv_mpu_dmp_motion_driver.o(i.dmp_set_tap_time_multi)
    fabs                                     0x08003975   Thumb Code    24  fabs.o(i.fabs)
    main                                     0x08003f79   Thumb Code    48  main.o(i.main)
    mpu_configure_fifo                       0x08003fa9   Thumb Code    78  inv_mpu.o(i.mpu_configure_fifo)
    mpu_get_accel_fsr                        0x08003ffd   Thumb Code    54  inv_mpu.o(i.mpu_get_accel_fsr)
    mpu_get_accel_sens                       0x08004039   Thumb Code    62  inv_mpu.o(i.mpu_get_accel_sens)
    mpu_get_gyro_fsr                         0x0800407d   Thumb Code    48  inv_mpu.o(i.mpu_get_gyro_fsr)
    mpu_get_gyro_sens                        0x080040b1   Thumb Code    54  inv_mpu.o(i.mpu_get_gyro_sens)
    mpu_get_lpf                              0x080040fd   Thumb Code    52  inv_mpu.o(i.mpu_get_lpf)
    mpu_get_sample_rate                      0x08004135   Thumb Code    22  inv_mpu.o(i.mpu_get_sample_rate)
    mpu_init                                 0x08004151   Thumb Code   210  inv_mpu.o(i.mpu_init)
    mpu_load_firmware                        0x0800422d   Thumb Code   166  inv_mpu.o(i.mpu_load_firmware)
    mpu_lp_accel_mode                        0x080042dd   Thumb Code   204  inv_mpu.o(i.mpu_lp_accel_mode)
    mpu_read_fifo_stream                     0x080043b1   Thumb Code   182  inv_mpu.o(i.mpu_read_fifo_stream)
    mpu_read_mem                             0x08004471   Thumb Code   106  inv_mpu.o(i.mpu_read_mem)
    mpu_reset_fifo                           0x080044e5   Thumb Code   438  inv_mpu.o(i.mpu_reset_fifo)
    mpu_run_self_test                        0x080046a5   Thumb Code   236  inv_mpu.o(i.mpu_run_self_test)
    mpu_set_accel_fsr                        0x08004795   Thumb Code   112  inv_mpu.o(i.mpu_set_accel_fsr)
    mpu_set_bypass                           0x0800480d   Thumb Code   302  inv_mpu.o(i.mpu_set_bypass)
    mpu_set_dmp_state                        0x08004945   Thumb Code   140  inv_mpu.o(i.mpu_set_dmp_state)
    mpu_set_gyro_fsr                         0x080049d9   Thumb Code   118  inv_mpu.o(i.mpu_set_gyro_fsr)
    mpu_set_int_latched                      0x08004a59   Thumb Code   108  inv_mpu.o(i.mpu_set_int_latched)
    mpu_set_lpf                              0x08004acd   Thumb Code   120  inv_mpu.o(i.mpu_set_lpf)
    mpu_set_sample_rate                      0x08004b4d   Thumb Code   142  inv_mpu.o(i.mpu_set_sample_rate)
    mpu_set_sensors                          0x08004be5   Thumb Code   212  inv_mpu.o(i.mpu_set_sensors)
    mpu_write_mem                            0x08004cc1   Thumb Code   106  inv_mpu.o(i.mpu_write_mem)
    sqrt                                     0x08004e3d   Thumb Code   110  sqrt.o(i.sqrt)
    __aeabi_dneg                             0x08004eab   Thumb Code     0  basic.o(x$fpl$basic)
    _dneg                                    0x08004eab   Thumb Code     6  basic.o(x$fpl$basic)
    __aeabi_fneg                             0x08004eb1   Thumb Code     0  basic.o(x$fpl$basic)
    _fneg                                    0x08004eb1   Thumb Code     6  basic.o(x$fpl$basic)
    _dabs                                    0x08004eb7   Thumb Code     6  basic.o(x$fpl$basic)
    _fabs                                    0x08004ebd   Thumb Code     6  basic.o(x$fpl$basic)
    __aeabi_d2f                              0x08004ec5   Thumb Code     0  d2f.o(x$fpl$d2f)
    _d2f                                     0x08004ec5   Thumb Code    98  d2f.o(x$fpl$d2f)
    __aeabi_dadd                             0x08004f29   Thumb Code     0  daddsub_clz.o(x$fpl$dadd)
    _dadd                                    0x08004f29   Thumb Code   332  daddsub_clz.o(x$fpl$dadd)
    __aeabi_ddiv                             0x08005079   Thumb Code     0  ddiv.o(x$fpl$ddiv)
    _ddiv                                    0x08005079   Thumb Code   552  ddiv.o(x$fpl$ddiv)
    __aeabi_dmul                             0x08005329   Thumb Code     0  dmul.o(x$fpl$dmul)
    _dmul                                    0x08005329   Thumb Code   332  dmul.o(x$fpl$dmul)
    __fpl_dnaninf                            0x0800547d   Thumb Code   156  dnaninf.o(x$fpl$dnaninf)
    __fpl_dretinf                            0x08005519   Thumb Code    12  dretinf.o(x$fpl$dretinf)
    __aeabi_drsub                            0x08005525   Thumb Code     0  daddsub_clz.o(x$fpl$drsb)
    _drsb                                    0x08005525   Thumb Code    22  daddsub_clz.o(x$fpl$drsb)
    _dsqrt                                   0x0800553d   Thumb Code   404  dsqrt_umaal.o(x$fpl$dsqrt)
    __aeabi_dsub                             0x080056d5   Thumb Code     0  daddsub_clz.o(x$fpl$dsub)
    _dsub                                    0x080056d5   Thumb Code   464  daddsub_clz.o(x$fpl$dsub)
    __aeabi_f2d                              0x080058a9   Thumb Code     0  f2d.o(x$fpl$f2d)
    _f2d                                     0x080058a9   Thumb Code    86  f2d.o(x$fpl$f2d)
    __fpl_fnaninf                            0x080058ff   Thumb Code   140  fnaninf.o(x$fpl$fnaninf)
    _fp_init                                 0x0800598b   Thumb Code    10  fpinit.o(x$fpl$fpinit)
    __fplib_config_fpu_vfp                   0x08005993   Thumb Code     0  fpinit.o(x$fpl$fpinit)
    __fplib_config_pureend_doubles           0x08005993   Thumb Code     0  fpinit.o(x$fpl$fpinit)
    __fpl_fretinf                            0x08005995   Thumb Code    10  fretinf.o(x$fpl$fretinf)
    __I$use$fp                               0x0800599e   Number         0  usenofp.o(x$fpl$usenofp)
    AHBPrescTable                            0x080059a6   Data          16  system_stm32f4xx.o(.constdata)
    APBPrescTable                            0x080059b6   Data           8  system_stm32f4xx.o(.constdata)
    reg                                      0x080059be   Data          30  inv_mpu.o(.constdata)
    hw                                       0x080059dc   Data          12  inv_mpu.o(.constdata)
    test                                     0x080059e8   Data          40  inv_mpu.o(.constdata)
    __mathlib_zero                           0x080066f0   Data           8  qnan.o(.constdata)
    Region$$Table$$Base                      0x080066f8   Number         0  anon$$obj.o(Region$$Table)
    Region$$Table$$Limit                     0x08006718   Number         0  anon$$obj.o(Region$$Table)
    uwTickFreq                               0x20000000   Data           1  stm32f4xx_hal.o(.data)
    uwTickPrio                               0x20000004   Data           4  stm32f4xx_hal.o(.data)
    uwTick                                   0x20000008   Data           4  stm32f4xx_hal.o(.data)
    SystemCoreClock                          0x2000000c   Data           4  system_stm32f4xx.o(.data)
    hi2c1                                    0x20000048   Data          84  i2c.o(.bss)
    huart1                                   0x2000009c   Data          72  usart.o(.bss)
    hdma_usart1_rx                           0x200000e4   Data          96  usart.o(.bss)
    hdma_usart1_tx                           0x20000144   Data          96  usart.o(.bss)
    __libspace_start                         0x200001b4   Data          96  libspace.o(.bss)
    __temporary_stack_top$libspace           0x20000214   Data           0  libspace.o(.bss)



==============================================================================

Memory Map of the image

  Image Entry point : 0x080001c5

  Load Region LR_IROM1 (Base: 0x08000000, Size: 0x00006760, Max: 0x00080000, ABSOLUTE)

    Execution Region ER_IROM1 (Exec base: 0x08000000, Load base: 0x08000000, Size: 0x00006718, Max: 0x00080000, ABSOLUTE)

    Exec Addr    Load Addr    Size         Type   Attr      Idx    E Section Name        Object

    0x08000000   0x08000000   0x000001c4   Data   RO            3    RESET               startup_stm32f446xx.o
    0x080001c4   0x080001c4   0x00000008   Code   RO         3162  * !!!main             c_w.l(__main.o)
    0x080001cc   0x080001cc   0x00000034   Code   RO         3448    !!!scatter          c_w.l(__scatter.o)
    0x08000200   0x08000200   0x0000001a   Code   RO         3450    !!handler_copy      c_w.l(__scatter_copy.o)
    0x0800021a   0x0800021a   0x00000002   PAD
    0x0800021c   0x0800021c   0x0000001c   Code   RO         3452    !!handler_zi        c_w.l(__scatter_zi.o)
    0x08000238   0x08000238   0x00000002   Code   RO         3319    .ARM.Collect$$libinit$$00000000  c_w.l(libinit.o)
    0x0800023a   0x0800023a   0x00000004   Code   RO         3330    .ARM.Collect$$libinit$$00000001  c_w.l(libinit2.o)
    0x0800023e   0x0800023e   0x00000000   Code   RO         3333    .ARM.Collect$$libinit$$00000004  c_w.l(libinit2.o)
    0x0800023e   0x0800023e   0x00000000   Code   RO         3336    .ARM.Collect$$libinit$$0000000A  c_w.l(libinit2.o)
    0x0800023e   0x0800023e   0x00000000   Code   RO         3338    .ARM.Collect$$libinit$$0000000C  c_w.l(libinit2.o)
    0x0800023e   0x0800023e   0x00000000   Code   RO         3340    .ARM.Collect$$libinit$$0000000E  c_w.l(libinit2.o)
    0x0800023e   0x0800023e   0x00000000   Code   RO         3343    .ARM.Collect$$libinit$$00000011  c_w.l(libinit2.o)
    0x0800023e   0x0800023e   0x00000000   Code   RO         3345    .ARM.Collect$$libinit$$00000013  c_w.l(libinit2.o)
    0x0800023e   0x0800023e   0x00000000   Code   RO         3347    .ARM.Collect$$libinit$$00000015  c_w.l(libinit2.o)
    0x0800023e   0x0800023e   0x00000000   Code   RO         3349    .ARM.Collect$$libinit$$00000017  c_w.l(libinit2.o)
    0x0800023e   0x0800023e   0x00000000   Code   RO         3351    .ARM.Collect$$libinit$$00000019  c_w.l(libinit2.o)
    0x0800023e   0x0800023e   0x00000000   Code   RO         3353    .ARM.Collect$$libinit$$0000001B  c_w.l(libinit2.o)
    0x0800023e   0x0800023e   0x00000000   Code   RO         3355    .ARM.Collect$$libinit$$0000001D  c_w.l(libinit2.o)
    0x0800023e   0x0800023e   0x00000000   Code   RO         3357    .ARM.Collect$$libinit$$0000001F  c_w.l(libinit2.o)
    0x0800023e   0x0800023e   0x00000000   Code   RO         3359    .ARM.Collect$$libinit$$00000021  c_w.l(libinit2.o)
    0x0800023e   0x0800023e   0x00000000   Code   RO         3361    .ARM.Collect$$libinit$$00000023  c_w.l(libinit2.o)
    0x0800023e   0x0800023e   0x00000000   Code   RO         3363    .ARM.Collect$$libinit$$00000025  c_w.l(libinit2.o)
    0x0800023e   0x0800023e   0x00000000   Code   RO         3367    .ARM.Collect$$libinit$$0000002C  c_w.l(libinit2.o)
    0x0800023e   0x0800023e   0x00000000   Code   RO         3369    .ARM.Collect$$libinit$$0000002E  c_w.l(libinit2.o)
    0x0800023e   0x0800023e   0x00000000   Code   RO         3371    .ARM.Collect$$libinit$$00000030  c_w.l(libinit2.o)
    0x0800023e   0x0800023e   0x00000000   Code   RO         3373    .ARM.Collect$$libinit$$00000032  c_w.l(libinit2.o)
    0x0800023e   0x0800023e   0x00000002   Code   RO         3374    .ARM.Collect$$libinit$$00000033  c_w.l(libinit2.o)
    0x08000240   0x08000240   0x00000002   Code   RO         3405    .ARM.Collect$$libshutdown$$00000000  c_w.l(libshutdown.o)
    0x08000242   0x08000242   0x00000000   Code   RO         3431    .ARM.Collect$$libshutdown$$00000002  c_w.l(libshutdown2.o)
    0x08000242   0x08000242   0x00000000   Code   RO         3433    .ARM.Collect$$libshutdown$$00000004  c_w.l(libshutdown2.o)
    0x08000242   0x08000242   0x00000000   Code   RO         3436    .ARM.Collect$$libshutdown$$00000007  c_w.l(libshutdown2.o)
    0x08000242   0x08000242   0x00000000   Code   RO         3439    .ARM.Collect$$libshutdown$$0000000A  c_w.l(libshutdown2.o)
    0x08000242   0x08000242   0x00000000   Code   RO         3441    .ARM.Collect$$libshutdown$$0000000C  c_w.l(libshutdown2.o)
    0x08000242   0x08000242   0x00000000   Code   RO         3444    .ARM.Collect$$libshutdown$$0000000F  c_w.l(libshutdown2.o)
    0x08000242   0x08000242   0x00000002   Code   RO         3445    .ARM.Collect$$libshutdown$$00000010  c_w.l(libshutdown2.o)
    0x08000244   0x08000244   0x00000000   Code   RO         3196    .ARM.Collect$$rtentry$$00000000  c_w.l(__rtentry.o)
    0x08000244   0x08000244   0x00000000   Code   RO         3278    .ARM.Collect$$rtentry$$00000002  c_w.l(__rtentry2.o)
    0x08000244   0x08000244   0x00000006   Code   RO         3290    .ARM.Collect$$rtentry$$00000004  c_w.l(__rtentry4.o)
    0x0800024a   0x0800024a   0x00000000   Code   RO         3280    .ARM.Collect$$rtentry$$00000009  c_w.l(__rtentry2.o)
    0x0800024a   0x0800024a   0x00000004   Code   RO         3281    .ARM.Collect$$rtentry$$0000000A  c_w.l(__rtentry2.o)
    0x0800024e   0x0800024e   0x00000000   Code   RO         3283    .ARM.Collect$$rtentry$$0000000C  c_w.l(__rtentry2.o)
    0x0800024e   0x0800024e   0x00000008   Code   RO         3284    .ARM.Collect$$rtentry$$0000000D  c_w.l(__rtentry2.o)
    0x08000256   0x08000256   0x00000002   Code   RO         3322    .ARM.Collect$$rtexit$$00000000  c_w.l(rtexit.o)
    0x08000258   0x08000258   0x00000000   Code   RO         3378    .ARM.Collect$$rtexit$$00000002  c_w.l(rtexit2.o)
    0x08000258   0x08000258   0x00000004   Code   RO         3379    .ARM.Collect$$rtexit$$00000003  c_w.l(rtexit2.o)
    0x0800025c   0x0800025c   0x00000006   Code   RO         3380    .ARM.Collect$$rtexit$$00000004  c_w.l(rtexit2.o)
    0x08000262   0x08000262   0x00000002   PAD
    0x08000264   0x08000264   0x00000040   Code   RO            4    .text               startup_stm32f446xx.o
    0x080002a4   0x080002a4   0x000000ee   Code   RO         3150    .text               c_w.l(lludivv7m.o)
    0x08000392   0x08000392   0x00000048   Code   RO         3152    .text               c_w.l(llsdiv.o)
    0x080003da   0x080003da   0x00000058   Code   RO         3154    .text               c_w.l(memcmp.o)
    0x08000432   0x08000432   0x00000010   Code   RO         3156    .text               c_w.l(aeabi_memset.o)
    0x08000442   0x08000442   0x0000004e   Code   RO         3158    .text               c_w.l(rt_memclr_w.o)
    0x08000490   0x08000490   0x00000006   Code   RO         3160    .text               c_w.l(heapauxi.o)
    0x08000496   0x08000496   0x00000016   Code   RO         3201    .text               c_w.l(_rserrno.o)
    0x080004ac   0x080004ac   0x00000044   Code   RO         3203    .text               c_w.l(rt_memclr.o)
    0x080004f0   0x080004f0   0x00000008   Code   RO         3297    .text               c_w.l(rt_errno_addr_intlibspace.o)
    0x080004f8   0x080004f8   0x00000008   Code   RO         3303    .text               c_w.l(libspace.o)
    0x08000500   0x08000500   0x0000004a   Code   RO         3306    .text               c_w.l(sys_stackheap_outer.o)
    0x0800054a   0x0800054a   0x00000012   Code   RO         3308    .text               c_w.l(exit.o)
    0x0800055c   0x0800055c   0x0000000c   Code   RO         3375    .text               c_w.l(sys_exit.o)
    0x08000568   0x08000568   0x00000002   Code   RO         3394    .text               c_w.l(use_no_semi.o)
    0x0800056a   0x0800056a   0x00000000   Code   RO         3396    .text               c_w.l(indicate_semi.o)
    0x0800056a   0x0800056a   0x00000002   Code   RO          311    i.BusFault_Handler  stm32f4xx_it.o
    0x0800056c   0x0800056c   0x0000000c   Code   RO          312    i.DMA2_Stream5_IRQHandler  stm32f4xx_it.o
    0x08000578   0x08000578   0x0000000c   Code   RO          313    i.DMA2_Stream7_IRQHandler  stm32f4xx_it.o
    0x08000584   0x08000584   0x00000028   Code   RO         1439    i.DMA_CalcBaseAndBitshift  stm32f4xx_hal_dma.o
    0x080005ac   0x080005ac   0x00000054   Code   RO         1440    i.DMA_CheckFifoParam  stm32f4xx_hal_dma.o
    0x08000600   0x08000600   0x00000002   Code   RO          314    i.DebugMon_Handler  stm32f4xx_it.o
    0x08000602   0x08000602   0x00000004   Code   RO           13    i.Error_Handler     main.o
    0x08000606   0x08000606   0x00000092   Code   RO         1442    i.HAL_DMA_Abort     stm32f4xx_hal_dma.o
    0x08000698   0x08000698   0x00000024   Code   RO         1443    i.HAL_DMA_Abort_IT  stm32f4xx_hal_dma.o
    0x080006bc   0x080006bc   0x000001a0   Code   RO         1447    i.HAL_DMA_IRQHandler  stm32f4xx_hal_dma.o
    0x0800085c   0x0800085c   0x000000d4   Code   RO         1448    i.HAL_DMA_Init      stm32f4xx_hal_dma.o
    0x08000930   0x08000930   0x00000024   Code   RO         1897    i.HAL_Delay         stm32f4xx_hal.o
    0x08000954   0x08000954   0x000001dc   Code   RO         1335    i.HAL_GPIO_Init     stm32f4xx_hal_gpio.o
    0x08000b30   0x08000b30   0x0000000a   Code   RO         1339    i.HAL_GPIO_WritePin  stm32f4xx_hal_gpio.o
    0x08000b3a   0x08000b3a   0x00000002   PAD
    0x08000b3c   0x08000b3c   0x0000000c   Code   RO         1903    i.HAL_GetTick       stm32f4xx_hal.o
    0x08000b48   0x08000b48   0x00000188   Code   RO          440    i.HAL_I2C_Init      stm32f4xx_hal_i2c.o
    0x08000cd0   0x08000cd0   0x00000204   Code   RO          458    i.HAL_I2C_Mem_Read  stm32f4xx_hal_i2c.o
    0x08000ed4   0x08000ed4   0x00000130   Code   RO          461    i.HAL_I2C_Mem_Write  stm32f4xx_hal_i2c.o
    0x08001004   0x08001004   0x00000068   Code   RO          228    i.HAL_I2C_MspInit   i2c.o
    0x0800106c   0x0800106c   0x00000010   Code   RO         1909    i.HAL_IncTick       stm32f4xx_hal.o
    0x0800107c   0x0800107c   0x00000034   Code   RO         1910    i.HAL_Init          stm32f4xx_hal.o
    0x080010b0   0x080010b0   0x00000040   Code   RO         1911    i.HAL_InitTick      stm32f4xx_hal.o
    0x080010f0   0x080010f0   0x00000030   Code   RO          405    i.HAL_MspInit       stm32f4xx_hal_msp.o
    0x08001120   0x08001120   0x0000001a   Code   RO         1745    i.HAL_NVIC_EnableIRQ  stm32f4xx_hal_cortex.o
    0x0800113a   0x0800113a   0x00000002   PAD
    0x0800113c   0x0800113c   0x00000040   Code   RO         1751    i.HAL_NVIC_SetPriority  stm32f4xx_hal_cortex.o
    0x0800117c   0x0800117c   0x00000024   Code   RO         1752    i.HAL_NVIC_SetPriorityGrouping  stm32f4xx_hal_cortex.o
    0x080011a0   0x080011a0   0x00000134   Code   RO          897    i.HAL_RCC_ClockConfig  stm32f4xx_hal_rcc.o
    0x080012d4   0x080012d4   0x00000020   Code   RO          904    i.HAL_RCC_GetPCLK1Freq  stm32f4xx_hal_rcc.o
    0x080012f4   0x080012f4   0x00000020   Code   RO          905    i.HAL_RCC_GetPCLK2Freq  stm32f4xx_hal_rcc.o
    0x08001314   0x08001314   0x00000098   Code   RO         1008    i.HAL_RCC_GetSysClockFreq  stm32f4xx_hal_rcc_ex.o
    0x080013ac   0x080013ac   0x00000398   Code   RO         1009    i.HAL_RCC_OscConfig  stm32f4xx_hal_rcc_ex.o
    0x08001744   0x08001744   0x00000028   Code   RO         1756    i.HAL_SYSTICK_Config  stm32f4xx_hal_cortex.o
    0x0800176c   0x0800176c   0x00000002   Code   RO         2196    i.HAL_UARTEx_RxEventCallback  stm32f4xx_hal_uart.o
    0x0800176e   0x0800176e   0x00000002   Code   RO         2210    i.HAL_UART_ErrorCallback  stm32f4xx_hal_uart.o
    0x08001770   0x08001770   0x00000270   Code   RO         2213    i.HAL_UART_IRQHandler  stm32f4xx_hal_uart.o
    0x080019e0   0x080019e0   0x00000064   Code   RO         2214    i.HAL_UART_Init     stm32f4xx_hal_uart.o
    0x08001a44   0x08001a44   0x000000e8   Code   RO          270    i.HAL_UART_MspInit  usart.o
    0x08001b2c   0x08001b2c   0x00000002   Code   RO         2220    i.HAL_UART_RxCpltCallback  stm32f4xx_hal_uart.o
    0x08001b2e   0x08001b2e   0x00000002   Code   RO         2225    i.HAL_UART_TxCpltCallback  stm32f4xx_hal_uart.o
    0x08001b30   0x08001b30   0x00000002   Code   RO          315    i.HardFault_Handler  stm32f4xx_it.o
    0x08001b32   0x08001b32   0x0000002e   Code   RO          483    i.I2C_IsAcknowledgeFailed  stm32f4xx_hal_i2c.o
    0x08001b60   0x08001b60   0x000000fc   Code   RO          493    i.I2C_RequestMemoryRead  stm32f4xx_hal_i2c.o
    0x08001c5c   0x08001c5c   0x000000a8   Code   RO          494    i.I2C_RequestMemoryWrite  stm32f4xx_hal_i2c.o
    0x08001d04   0x08001d04   0x00000056   Code   RO          498    i.I2C_WaitOnBTFFlagUntilTimeout  stm32f4xx_hal_i2c.o
    0x08001d5a   0x08001d5a   0x00000002   PAD
    0x08001d5c   0x08001d5c   0x00000090   Code   RO          499    i.I2C_WaitOnFlagUntilTimeout  stm32f4xx_hal_i2c.o
    0x08001dec   0x08001dec   0x000000bc   Code   RO          500    i.I2C_WaitOnMasterAddressFlagUntilTimeout  stm32f4xx_hal_i2c.o
    0x08001ea8   0x08001ea8   0x00000070   Code   RO          501    i.I2C_WaitOnRXNEFlagUntilTimeout  stm32f4xx_hal_i2c.o
    0x08001f18   0x08001f18   0x00000056   Code   RO          502    i.I2C_WaitOnTXEFlagUntilTimeout  stm32f4xx_hal_i2c.o
    0x08001f6e   0x08001f6e   0x00000002   PAD
    0x08001f70   0x08001f70   0x00000164   Code   RO         2582    i.MPU6050_DMP_Get_Date  mpu6050.o
    0x080020d4   0x080020d4   0x000000b0   Code   RO         2583    i.MPU6050_DMP_init  mpu6050.o
    0x08002184   0x08002184   0x0000003c   Code   RO          203    i.MX_DMA_Init       dma.o
    0x080021c0   0x080021c0   0x00000060   Code   RO          179    i.MX_GPIO_Init      gpio.o
    0x08002220   0x08002220   0x00000040   Code   RO          229    i.MX_I2C1_Init      i2c.o
    0x08002260   0x08002260   0x00000038   Code   RO          271    i.MX_USART1_UART_Init  usart.o
    0x08002298   0x08002298   0x00000002   Code   RO          316    i.MemManage_Handler  stm32f4xx_it.o
    0x0800229a   0x0800229a   0x00000002   Code   RO          317    i.NMI_Handler       stm32f4xx_it.o
    0x0800229c   0x0800229c   0x00000002   Code   RO          318    i.PendSV_Handler    stm32f4xx_it.o
    0x0800229e   0x0800229e   0x00000002   Code   RO          319    i.SVC_Handler       stm32f4xx_it.o
    0x080022a0   0x080022a0   0x00000004   Code   RO          320    i.SysTick_Handler   stm32f4xx_it.o
    0x080022a4   0x080022a4   0x00000094   Code   RO           14    i.SystemClock_Config  main.o
    0x08002338   0x08002338   0x00000010   Code   RO         2548    i.SystemInit        system_stm32f4xx.o
    0x08002348   0x08002348   0x00000010   Code   RO         2227    i.UART_DMAAbortOnError  stm32f4xx_hal_uart.o
    0x08002358   0x08002358   0x0000004e   Code   RO         2237    i.UART_EndRxTransfer  stm32f4xx_hal_uart.o
    0x080023a6   0x080023a6   0x000000c2   Code   RO         2239    i.UART_Receive_IT   stm32f4xx_hal_uart.o
    0x08002468   0x08002468   0x0000010c   Code   RO         2240    i.UART_SetConfig    stm32f4xx_hal_uart.o
    0x08002574   0x08002574   0x0000000c   Code   RO          321    i.USART1_IRQHandler  stm32f4xx_it.o
    0x08002580   0x08002580   0x00000002   Code   RO          322    i.UsageFault_Handler  stm32f4xx_it.o
    0x08002582   0x08002582   0x00000030   Code   RO         3260    i.__ARM_fpclassify  m_wm.l(fpclassify.o)
    0x080025b2   0x080025b2   0x00000020   Code   RO         1758    i.__NVIC_SetPriority  stm32f4xx_hal_cortex.o
    0x080025d2   0x080025d2   0x00000006   PAD
    0x080025d8   0x080025d8   0x00000360   Code   RO         3170    i.__hardfp_asin     m_wm.l(asin.o)
    0x08002938   0x08002938   0x000002d8   Code   RO         3226    i.__hardfp_atan     m_wm.l(atan.o)
    0x08002c10   0x08002c10   0x000001f0   Code   RO         3184    i.__hardfp_atan2    m_wm.l(atan2.o)
    0x08002e00   0x08002e00   0x000000f8   Code   RO         3262    i.__kernel_poly     m_wm.l(poly.o)
    0x08002ef8   0x08002ef8   0x00000014   Code   RO         3241    i.__mathlib_dbl_infnan  m_wm.l(dunder.o)
    0x08002f0c   0x08002f0c   0x00000014   Code   RO         3242    i.__mathlib_dbl_infnan2  m_wm.l(dunder.o)
    0x08002f20   0x08002f20   0x00000020   Code   RO         3243    i.__mathlib_dbl_invalid  m_wm.l(dunder.o)
    0x08002f40   0x08002f40   0x00000020   Code   RO         3246    i.__mathlib_dbl_underflow  m_wm.l(dunder.o)
    0x08002f60   0x08002f60   0x00000090   Code   RO         2628    i.accel_self_test   inv_mpu.o
    0x08002ff0   0x08002ff0   0x00000010   Code   RO         3228    i.atan              m_wm.l(atan.o)
    0x08003000   0x08003000   0x0000003a   Code   RO         2966    i.dmp_enable_6x_lp_quat  inv_mpu_dmp_motion_driver.o
    0x0800303a   0x0800303a   0x00000002   PAD
    0x0800303c   0x0800303c   0x000001d8   Code   RO         2967    i.dmp_enable_feature  inv_mpu_dmp_motion_driver.o
    0x08003214   0x08003214   0x0000003c   Code   RO         2968    i.dmp_enable_gyro_cal  inv_mpu_dmp_motion_driver.o
    0x08003250   0x08003250   0x0000003a   Code   RO         2969    i.dmp_enable_lp_quat  inv_mpu_dmp_motion_driver.o
    0x0800328a   0x0800328a   0x00000002   PAD
    0x0800328c   0x0800328c   0x00000014   Code   RO         2974    i.dmp_load_motion_driver_firmware  inv_mpu_dmp_motion_driver.o
    0x080032a0   0x080032a0   0x0000014c   Code   RO         2975    i.dmp_read_fifo     inv_mpu_dmp_motion_driver.o
    0x080033ec   0x080033ec   0x000000d8   Code   RO         2978    i.dmp_set_accel_bias  inv_mpu_dmp_motion_driver.o
    0x080034c4   0x080034c4   0x00000064   Code   RO         2979    i.dmp_set_fifo_rate  inv_mpu_dmp_motion_driver.o
    0x08003528   0x08003528   0x000000cc   Code   RO         2980    i.dmp_set_gyro_bias  inv_mpu_dmp_motion_driver.o
    0x080035f4   0x080035f4   0x0000010c   Code   RO         2982    i.dmp_set_orientation  inv_mpu_dmp_motion_driver.o
    0x08003700   0x08003700   0x00000030   Code   RO         2985    i.dmp_set_shake_reject_thresh  inv_mpu_dmp_motion_driver.o
    0x08003730   0x08003730   0x00000020   Code   RO         2986    i.dmp_set_shake_reject_time  inv_mpu_dmp_motion_driver.o
    0x08003750   0x08003750   0x00000020   Code   RO         2987    i.dmp_set_shake_reject_timeout  inv_mpu_dmp_motion_driver.o
    0x08003770   0x08003770   0x00000040   Code   RO         2988    i.dmp_set_tap_axes  inv_mpu_dmp_motion_driver.o
    0x080037b0   0x080037b0   0x00000022   Code   RO         2989    i.dmp_set_tap_count  inv_mpu_dmp_motion_driver.o
    0x080037d2   0x080037d2   0x00000002   PAD
    0x080037d4   0x080037d4   0x00000160   Code   RO         2990    i.dmp_set_tap_thresh  inv_mpu_dmp_motion_driver.o
    0x08003934   0x08003934   0x00000020   Code   RO         2991    i.dmp_set_tap_time  inv_mpu_dmp_motion_driver.o
    0x08003954   0x08003954   0x00000020   Code   RO         2992    i.dmp_set_tap_time_multi  inv_mpu_dmp_motion_driver.o
    0x08003974   0x08003974   0x00000018   Code   RO         3256    i.fabs              m_wm.l(fabs.o)
    0x0800398c   0x0800398c   0x000000c4   Code   RO         2629    i.get_accel_prod_shift  inv_mpu.o
    0x08003a50   0x08003a50   0x000003f4   Code   RO         2630    i.get_st_biases     inv_mpu.o
    0x08003e44   0x08003e44   0x000000ec   Code   RO         2631    i.gyro_self_test    inv_mpu.o
    0x08003f30   0x08003f30   0x00000048   Code   RO         2584    i.inv_row_2_scale   mpu6050.o
    0x08003f78   0x08003f78   0x00000030   Code   RO           17    i.main              main.o
    0x08003fa8   0x08003fa8   0x00000054   Code   RO         2632    i.mpu_configure_fifo  inv_mpu.o
    0x08003ffc   0x08003ffc   0x0000003c   Code   RO         2633    i.mpu_get_accel_fsr  inv_mpu.o
    0x08004038   0x08004038   0x00000044   Code   RO         2635    i.mpu_get_accel_sens  inv_mpu.o
    0x0800407c   0x0800407c   0x00000034   Code   RO         2641    i.mpu_get_gyro_fsr  inv_mpu.o
    0x080040b0   0x080040b0   0x0000004c   Code   RO         2643    i.mpu_get_gyro_sens  inv_mpu.o
    0x080040fc   0x080040fc   0x00000038   Code   RO         2645    i.mpu_get_lpf       inv_mpu.o
    0x08004134   0x08004134   0x0000001c   Code   RO         2647    i.mpu_get_sample_rate  inv_mpu.o
    0x08004150   0x08004150   0x000000dc   Code   RO         2649    i.mpu_init          inv_mpu.o
    0x0800422c   0x0800422c   0x000000b0   Code   RO         2650    i.mpu_load_firmware  inv_mpu.o
    0x080042dc   0x080042dc   0x000000d4   Code   RO         2651    i.mpu_lp_accel_mode  inv_mpu.o
    0x080043b0   0x080043b0   0x000000c0   Code   RO         2657    i.mpu_read_fifo_stream  inv_mpu.o
    0x08004470   0x08004470   0x00000074   Code   RO         2658    i.mpu_read_mem      inv_mpu.o
    0x080044e4   0x080044e4   0x000001c0   Code   RO         2661    i.mpu_reset_fifo    inv_mpu.o
    0x080046a4   0x080046a4   0x000000f0   Code   RO         2662    i.mpu_run_self_test  inv_mpu.o
    0x08004794   0x08004794   0x00000078   Code   RO         2665    i.mpu_set_accel_fsr  inv_mpu.o
    0x0800480c   0x0800480c   0x00000138   Code   RO         2666    i.mpu_set_bypass    inv_mpu.o
    0x08004944   0x08004944   0x00000094   Code   RO         2668    i.mpu_set_dmp_state  inv_mpu.o
    0x080049d8   0x080049d8   0x00000080   Code   RO         2670    i.mpu_set_gyro_fsr  inv_mpu.o
    0x08004a58   0x08004a58   0x00000074   Code   RO         2671    i.mpu_set_int_latched  inv_mpu.o
    0x08004acc   0x08004acc   0x00000080   Code   RO         2673    i.mpu_set_lpf       inv_mpu.o
    0x08004b4c   0x08004b4c   0x00000098   Code   RO         2674    i.mpu_set_sample_rate  inv_mpu.o
    0x08004be4   0x08004be4   0x000000dc   Code   RO         2675    i.mpu_set_sensors   inv_mpu.o
    0x08004cc0   0x08004cc0   0x00000074   Code   RO         2676    i.mpu_write_mem     inv_mpu.o
    0x08004d34   0x08004d34   0x0000008a   Code   RO         2585    i.run_self_test     mpu6050.o
    0x08004dbe   0x08004dbe   0x00000002   PAD
    0x08004dc0   0x08004dc0   0x0000007c   Code   RO         2677    i.set_int_enable    inv_mpu.o
    0x08004e3c   0x08004e3c   0x0000006e   Code   RO         3267    i.sqrt              m_wm.l(sqrt.o)
    0x08004eaa   0x08004eaa   0x00000018   Code   RO         3205    x$fpl$basic         fz_wm.l(basic.o)
    0x08004ec2   0x08004ec2   0x00000002   PAD
    0x08004ec4   0x08004ec4   0x00000062   Code   RO         3164    x$fpl$d2f           fz_wm.l(d2f.o)
    0x08004f26   0x08004f26   0x00000002   PAD
    0x08004f28   0x08004f28   0x00000150   Code   RO         3207    x$fpl$dadd          fz_wm.l(daddsub_clz.o)
    0x08005078   0x08005078   0x000002b0   Code   RO         3214    x$fpl$ddiv          fz_wm.l(ddiv.o)
    0x08005328   0x08005328   0x00000154   Code   RO         3166    x$fpl$dmul          fz_wm.l(dmul.o)
    0x0800547c   0x0800547c   0x0000009c   Code   RO         3217    x$fpl$dnaninf       fz_wm.l(dnaninf.o)
    0x08005518   0x08005518   0x0000000c   Code   RO         3219    x$fpl$dretinf       fz_wm.l(dretinf.o)
    0x08005524   0x08005524   0x00000016   Code   RO         3208    x$fpl$drsb          fz_wm.l(daddsub_clz.o)
    0x0800553a   0x0800553a   0x00000002   PAD
    0x0800553c   0x0800553c   0x00000198   Code   RO         3301    x$fpl$dsqrt         fz_wm.l(dsqrt_umaal.o)
    0x080056d4   0x080056d4   0x000001d4   Code   RO         3209    x$fpl$dsub          fz_wm.l(daddsub_clz.o)
    0x080058a8   0x080058a8   0x00000056   Code   RO         3168    x$fpl$f2d           fz_wm.l(f2d.o)
    0x080058fe   0x080058fe   0x0000008c   Code   RO         3221    x$fpl$fnaninf       fz_wm.l(fnaninf.o)
    0x0800598a   0x0800598a   0x0000000a   Code   RO         3390    x$fpl$fpinit        fz_wm.l(fpinit.o)
    0x08005994   0x08005994   0x0000000a   Code   RO         3223    x$fpl$fretinf       fz_wm.l(fretinf.o)
    0x0800599e   0x0800599e   0x00000000   Code   RO         3225    x$fpl$usenofp       fz_wm.l(usenofp.o)
    0x0800599e   0x0800599e   0x00000008   Data   RO         1454    .constdata          stm32f4xx_hal_dma.o
    0x080059a6   0x080059a6   0x00000010   Data   RO         2549    .constdata          system_stm32f4xx.o
    0x080059b6   0x080059b6   0x00000008   Data   RO         2550    .constdata          system_stm32f4xx.o
    0x080059be   0x080059be   0x0000001e   Data   RO         2678    .constdata          inv_mpu.o
    0x080059dc   0x080059dc   0x0000000c   Data   RO         2679    .constdata          inv_mpu.o
    0x080059e8   0x080059e8   0x00000028   Data   RO         2680    .constdata          inv_mpu.o
    0x08005a10   0x08005a10   0x00000bf6   Data   RO         2994    .constdata          inv_mpu_dmp_motion_driver.o
    0x08006606   0x08006606   0x00000002   PAD
    0x08006608   0x08006608   0x00000050   Data   RO         3173    .constdata          m_wm.l(asin.o)
    0x08006658   0x08006658   0x00000098   Data   RO         3229    .constdata          m_wm.l(atan.o)
    0x080066f0   0x080066f0   0x00000008   Data   RO         3264    .constdata          m_wm.l(qnan.o)
    0x080066f8   0x080066f8   0x00000020   Data   RO         3446    Region$$Table       anon$$obj.o


    Execution Region RW_IRAM1 (Exec base: 0x20000000, Load base: 0x08006718, Size: 0x00000818, Max: 0x00020000, ABSOLUTE)

    Exec Addr    Load Addr    Size         Type   Attr      Idx    E Section Name        Object

    0x20000000   0x08006718   0x0000000c   Data   RW         1917    .data               stm32f4xx_hal.o
    0x2000000c   0x08006724   0x00000004   Data   RW         2551    .data               system_stm32f4xx.o
    0x20000010   0x08006728   0x00000009   Data   RW         2586    .data               mpu6050.o
    0x20000019   0x08006731   0x00000003   PAD
    0x2000001c   0x08006734   0x0000002c   Data   RW         2681    .data               inv_mpu.o
    0x20000048        -       0x00000054   Zero   RW          230    .bss                i2c.o
    0x2000009c        -       0x00000108   Zero   RW          272    .bss                usart.o
    0x200001a4        -       0x00000010   Zero   RW         2993    .bss                inv_mpu_dmp_motion_driver.o
    0x200001b4        -       0x00000060   Zero   RW         3304    .bss                c_w.l(libspace.o)
    0x20000214   0x08006760   0x00000004   PAD
    0x20000218        -       0x00000200   Zero   RW            2    HEAP                startup_stm32f446xx.o
    0x20000418        -       0x00000400   Zero   RW            1    STACK               startup_stm32f446xx.o


==============================================================================

Image component sizes


      Code (inc. data)   RO Data    RW Data    ZI Data      Debug   Object Name

        60          4          0          0          0        810   dma.o
        96         10          0          0          0        911   gpio.o
       168         26          0          0         84       1733   i2c.o
      5180        286         82         44          0      28009   inv_mpu.o
      2414        134       3062          0         16      20480   inv_mpu_dmp_motion_driver.o
       200          8          0          0          0     689008   main.o
       742         18          0          9          0       5266   mpu6050.o
        64         26        452          0       1536        856   startup_stm32f446xx.o
       180         28          0         12          0       9377   stm32f4xx_hal.o
       198         14          0          0          0      33903   stm32f4xx_hal_cortex.o
       934         16          8          0          0       5715   stm32f4xx_hal_dma.o
       486         40          0          0          0       2228   stm32f4xx_hal_gpio.o
      2294         52          0          0          0      13366   stm32f4xx_hal_i2c.o
        48          6          0          0          0        886   stm32f4xx_hal_msp.o
       372         44          0          0          0       2950   stm32f4xx_hal_rcc.o
      1072         32          0          0          0       2846   stm32f4xx_hal_rcc_ex.o
      1288         16          0          0          0       8500   stm32f4xx_hal_uart.o
        56         18          0          0          0       5766   stm32f4xx_it.o
        16          4         24          4          0       1171   system_stm32f4xx.o
       288         30          0          0        264       1960   usart.o

    ----------------------------------------------------------------------
     16178        812       3662         72       1900     835741   Object Totals
         0          0         32          0          0          0   (incl. Generated)
        22          0          2          3          0          0   (incl. Padding)

    ----------------------------------------------------------------------

      Code (inc. data)   RO Data    RW Data    ZI Data      Debug   Library Member Name

         8          0          0          0          0         68   __main.o
         0          0          0          0          0          0   __rtentry.o
        12          0          0          0          0          0   __rtentry2.o
         6          0          0          0          0          0   __rtentry4.o
        52          8          0          0          0          0   __scatter.o
        26          0          0          0          0          0   __scatter_copy.o
        28          0          0          0          0          0   __scatter_zi.o
        22          0          0          0          0        100   _rserrno.o
        16          0          0          0          0         68   aeabi_memset.o
        18          0          0          0          0         80   exit.o
         6          0          0          0          0        152   heapauxi.o
         0          0          0          0          0          0   indicate_semi.o
         2          0          0          0          0          0   libinit.o
         6          0          0          0          0          0   libinit2.o
         2          0          0          0          0          0   libshutdown.o
         2          0          0          0          0          0   libshutdown2.o
         8          4          0          0         96         68   libspace.o
        72          0          0          0          0         76   llsdiv.o
       238          0          0          0          0        100   lludivv7m.o
        88          0          0          0          0         76   memcmp.o
         8          4          0          0          0         68   rt_errno_addr_intlibspace.o
        68          0          0          0          0         68   rt_memclr.o
        78          0          0          0          0         80   rt_memclr_w.o
         2          0          0          0          0          0   rtexit.o
        10          0          0          0          0          0   rtexit2.o
        12          4          0          0          0         68   sys_exit.o
        74          0          0          0          0         80   sys_stackheap_outer.o
         2          0          0          0          0         68   use_no_semi.o
        24          0          0          0          0        164   basic.o
        98          4          0          0          0        140   d2f.o
       826         16          0          0          0        492   daddsub_clz.o
       688        140          0          0          0        256   ddiv.o
       340         12          0          0          0        152   dmul.o
       156          4          0          0          0        140   dnaninf.o
        12          0          0          0          0        116   dretinf.o
       408         56          0          0          0        168   dsqrt_umaal.o
        86          4          0          0          0        132   f2d.o
       140          4          0          0          0        132   fnaninf.o
        10          0          0          0          0        116   fpinit.o
        10          0          0          0          0        116   fretinf.o
         0          0          0          0          0          0   usenofp.o
       864         94         80          0          0        280   asin.o
       744        106        152          0          0        352   atan.o
       496         64          0          0          0        192   atan2.o
       104         16          0          0          0        496   dunder.o
        24          0          0          0          0        124   fabs.o
        48          0          0          0          0        124   fpclassify.o
       248          0          0          0          0        152   poly.o
         0          0          8          0          0          0   qnan.o
       110          0          0          0          0        148   sqrt.o

    ----------------------------------------------------------------------
      6312        540        240          0        100       5212   Library Totals
        10          0          0          0          4          0   (incl. Padding)

    ----------------------------------------------------------------------

      Code (inc. data)   RO Data    RW Data    ZI Data      Debug   Library Name

       866         20          0          0         96       1220   c_w.l
      2798        240          0          0          0       2124   fz_wm.l
      2638        280        240          0          0       1868   m_wm.l

    ----------------------------------------------------------------------
      6312        540        240          0        100       5212   Library Totals

    ----------------------------------------------------------------------

==============================================================================


      Code (inc. data)   RO Data    RW Data    ZI Data      Debug   

     22490       1352       3902         72       2000     826981   Grand Totals
     22490       1352       3902         72       2000     826981   ELF Image Totals
     22490       1352       3902         72          0          0   ROM Totals

==============================================================================

    Total RO  Size (Code + RO Data)                26392 (  25.77kB)
    Total RW  Size (RW Data + ZI Data)              2072 (   2.02kB)
    Total ROM Size (Code + RO Data + RW Data)      26464 (  25.84kB)

==============================================================================

